Archive member included to satisfy reference by file (symbol)

c:/program files/microchip/xc8/v2.32/avr/bin/../lib/gcc/avr/5.4.0/../../../../avr/lib/avr5/memx-const\libm.a(cmpsf2.o)
                              build/default/production/rfm95w.o (__ltsf2)
c:/program files/microchip/xc8/v2.32/avr/bin/../lib/gcc/avr/5.4.0/../../../../avr/lib/avr5/memx-const\libm.a(fixunssfsi.o)
                              build/default/production/rfm95w.o (__fixunssfsi)
c:/program files/microchip/xc8/v2.32/avr/bin/../lib/gcc/avr/5.4.0/../../../../avr/lib/avr5/memx-const\libm.a(floatsisf.o)
                              build/default/production/rfm95w.o (__floatsisf)
c:/program files/microchip/xc8/v2.32/avr/bin/../lib/gcc/avr/5.4.0/../../../../avr/lib/avr5/memx-const\libm.a(fp_cmp.o)
                              c:/program files/microchip/xc8/v2.32/avr/bin/../lib/gcc/avr/5.4.0/../../../../avr/lib/avr5/memx-const\libm.a(cmpsf2.o) (__fp_cmp)
c:/program files/microchip/xc8/v2.32/avr/bin/../lib/gcc/avr/5.4.0/../../../../avr/lib/avr5/memx-const\libm.a(fp_split3.o)
                              c:/program files/microchip/xc8/v2.32/avr/bin/../lib/gcc/avr/5.4.0/../../../../avr/lib/avr5/memx-const\libm.a(fixunssfsi.o) (__fp_splitA)
c:/program files/microchip/xc8/v2.32/avr/bin/../lib/gcc/avr/5.4.0/../../../../avr/lib/avr5/memx-const\libm.a(fp_zero.o)
                              c:/program files/microchip/xc8/v2.32/avr/bin/../lib/gcc/avr/5.4.0/../../../../avr/lib/avr5/memx-const\libm.a(fixunssfsi.o) (__fp_zero)
c:/program files/microchip/xc8/v2.32/avr/bin/../lib/gcc/avr/5.4.0/../../../../avr/lib/avr5/memx-const\libm.a(gesf2.o)
                              build/default/production/rfm95w.o (__gtsf2)
c:/program files/microchip/xc8/v2.32/avr/bin/../lib/gcc/avr/5.4.0/../../../../avr/lib/avr5/memx-const\libm.a(mulsf3.o)
                              build/default/production/rfm95w.o (__mulsf3)
c:/program files/microchip/xc8/v2.32/avr/bin/../lib/gcc/avr/5.4.0/../../../../avr/lib/avr5/memx-const\libm.a(mulsf3x.o)
                              c:/program files/microchip/xc8/v2.32/avr/bin/../lib/gcc/avr/5.4.0/../../../../avr/lib/avr5/memx-const\libm.a(mulsf3.o) (__mulsf3x)
c:/program files/microchip/xc8/v2.32/avr/bin/../lib/gcc/avr/5.4.0/../../../../avr/lib/avr5/memx-const\libm.a(fp_inf.o)
                              c:/program files/microchip/xc8/v2.32/avr/bin/../lib/gcc/avr/5.4.0/../../../../avr/lib/avr5/memx-const\libm.a(mulsf3x.o) (__fp_inf)
c:/program files/microchip/xc8/v2.32/avr/bin/../lib/gcc/avr/5.4.0/../../../../avr/lib/avr5/memx-const\libm.a(fp_nan.o)
                              c:/program files/microchip/xc8/v2.32/avr/bin/../lib/gcc/avr/5.4.0/../../../../avr/lib/avr5/memx-const\libm.a(mulsf3x.o) (__fp_nan)
c:/program files/microchip/xc8/v2.32/avr/bin/../lib/gcc/avr/5.4.0/../../../../avr/lib/avr5/memx-const\libm.a(fp_pscA.o)
                              c:/program files/microchip/xc8/v2.32/avr/bin/../lib/gcc/avr/5.4.0/../../../../avr/lib/avr5/memx-const\libm.a(mulsf3x.o) (__fp_pscA)
c:/program files/microchip/xc8/v2.32/avr/bin/../lib/gcc/avr/5.4.0/../../../../avr/lib/avr5/memx-const\libm.a(fp_pscB.o)
                              c:/program files/microchip/xc8/v2.32/avr/bin/../lib/gcc/avr/5.4.0/../../../../avr/lib/avr5/memx-const\libm.a(mulsf3x.o) (__fp_pscB)
c:/program files/microchip/xc8/v2.32/avr/bin/../lib/gcc/avr/5.4.0/../../../../avr/lib/avr5/memx-const\libm.a(fp_round.o)
                              c:/program files/microchip/xc8/v2.32/avr/bin/../lib/gcc/avr/5.4.0/../../../../avr/lib/avr5/memx-const\libm.a(mulsf3.o) (__fp_round)
c:/program files/microchip/xc8/v2.32/avr/bin/../lib/gcc/avr/5.4.0/avr5/memx-const\libgcc.a(_mulsi3.o)
                              build/default/production/lora.o (__mulsi3)
c:/program files/microchip/xc8/v2.32/avr/bin/../lib/gcc/avr/5.4.0/avr5/memx-const\libgcc.a(_exit.o)
                              C:/Users/Jedi/.mchp_packs/Microchip/ATmega_DFP/2.4.131/xc8/avr/lib/avr5/memx-const/crtatmega32u4.o (exit)
c:/program files/microchip/xc8/v2.32/avr/bin/../lib/gcc/avr/5.4.0/avr5/memx-const\libgcc.a(_tablejump2.o)
                              build/default/production/timer0.o (__tablejump2__)
c:/program files/microchip/xc8/v2.32/avr/bin/../lib/gcc/avr/5.4.0/avr5/memx-const\libgcc.a(_copy_data.o)
                              build/default/production/traffic_light.o (__do_copy_data)
c:/program files/microchip/xc8/v2.32/avr/bin/../lib/gcc/avr/5.4.0/avr5/memx-const\libgcc.a(_muluhisi3.o)
                              c:/program files/microchip/xc8/v2.32/avr/bin/../lib/gcc/avr/5.4.0/avr5/memx-const\libgcc.a(_mulsi3.o) (__muluhisi3)
c:/program files/microchip/xc8/v2.32/avr/bin/../lib/gcc/avr/5.4.0/avr5/memx-const\libgcc.a(_udivdi3.o)
                              build/default/production/rfm95w.o (__udivdi3)
c:/program files/microchip/xc8/v2.32/avr/bin/../lib/gcc/avr/5.4.0/avr5/memx-const\libgcc.a(_udivmod64.o)
                              c:/program files/microchip/xc8/v2.32/avr/bin/../lib/gcc/avr/5.4.0/avr5/memx-const\libgcc.a(_udivdi3.o) (__udivmod64)
c:/program files/microchip/xc8/v2.32/avr/bin/../lib/gcc/avr/5.4.0/avr5/memx-const\libgcc.a(_ashldi3.o)
                              build/default/production/rfm95w.o (__ashldi3)
c:/program files/microchip/xc8/v2.32/avr/bin/../lib/gcc/avr/5.4.0/avr5/memx-const\libgcc.a(_ashrdi3.o)
                              build/default/production/rfm95w.o (__lshrdi3)
c:/program files/microchip/xc8/v2.32/avr/bin/../lib/gcc/avr/5.4.0/avr5/memx-const\libgcc.a(_umulhisi3.o)
                              c:/program files/microchip/xc8/v2.32/avr/bin/../lib/gcc/avr/5.4.0/avr5/memx-const\libgcc.a(_muluhisi3.o) (__umulhisi3)
c:/program files/microchip/xc8/v2.32/avr/bin/../lib/gcc/avr/5.4.0/../../../../avr/lib/avr5/memx-const\libc.a(memcpy_M.o)
                              build/default/production/main.o (memcpy)
c:/program files/microchip/xc8/v2.32/avr/bin/../lib/gcc/avr/5.4.0/../../../../avr/lib/avr5/memx-const\libc.a(memset.o)
                              build/default/production/main.o (memset)
C:/Users/Jedi/.mchp_packs/Microchip/ATmega_DFP/2.4.131/xc8/avr/lib/avr5/memx-const\libatmega32u4.a(eerd_byte.o)
                              build/default/production/traffic_light.o (eeprom_read_byte)
C:/Users/Jedi/.mchp_packs/Microchip/ATmega_DFP/2.4.131/xc8/avr/lib/avr5/memx-const\libatmega32u4.a(eewr_byte.o)
                              build/default/production/traffic_light.o (eeprom_write_byte)

Allocating common symbols
Common symbol       size              file

RFM95W              0x17              build/default/production/rfm95w.o
Traffic_light       0x1b              build/default/production/main.o
Lora                0x2a              build/default/production/main.o
t0_compa_number     0x1               build/default/production/main.o
t1_count_number     0x2               build/default/production/spi.o

Discarded input sections

 .data          0x0000000000000000        0x0 C:/Users/Jedi/.mchp_packs/Microchip/ATmega_DFP/2.4.131/xc8/avr/lib/avr5/memx-const/crtatmega32u4.o
 .bss           0x0000000000000000        0x0 C:/Users/Jedi/.mchp_packs/Microchip/ATmega_DFP/2.4.131/xc8/avr/lib/avr5/memx-const/crtatmega32u4.o
 .text          0x0000000000000000        0x0 build/default/production/main.o
 .data          0x0000000000000000        0x0 build/default/production/main.o
 .bss           0x0000000000000000        0x0 build/default/production/main.o
 .text          0x0000000000000000        0x0 build/default/production/timer0.o
 .data          0x0000000000000000        0x0 build/default/production/timer0.o
 .bss           0x0000000000000000        0x0 build/default/production/timer0.o
 .text.t0_stop  0x0000000000000000       0x22 build/default/production/timer0.o
 .text.t0_start_from
                0x0000000000000000       0x3e build/default/production/timer0.o
 .text          0x0000000000000000        0x0 build/default/production/gpio.o
 .data          0x0000000000000000        0x0 build/default/production/gpio.o
 .bss           0x0000000000000000        0x0 build/default/production/gpio.o
 .text.led_toggle
                0x0000000000000000       0x42 build/default/production/gpio.o
 .text          0x0000000000000000        0x0 build/default/production/rfm95w.o
 .data          0x0000000000000000        0x0 build/default/production/rfm95w.o
 .bss           0x0000000000000000        0x0 build/default/production/rfm95w.o
 .text.rfm95w_packet_parse
                0x0000000000000000       0xd2 build/default/production/rfm95w.o
 .text.rfm95w_packet_read
                0x0000000000000000       0x2a build/default/production/rfm95w.o
 .text.rfm95w_get_version
                0x0000000000000000       0x14 build/default/production/rfm95w.o
 .text          0x0000000000000000        0x0 build/default/production/spi.o
 .data          0x0000000000000000        0x0 build/default/production/spi.o
 .bss           0x0000000000000000        0x0 build/default/production/spi.o
 COMMON         0x0000000000000000        0x2 build/default/production/spi.o
 .text          0x0000000000000000        0x0 build/default/production/uart.o
 .data          0x0000000000000000        0x0 build/default/production/uart.o
 .bss           0x0000000000000000        0x0 build/default/production/uart.o
 .text.uart_init
                0x0000000000000000       0x7c build/default/production/uart.o
 .text.uart_putchar
                0x0000000000000000       0x38 build/default/production/uart.o
 .text.uart_printline
                0x0000000000000000       0x8a build/default/production/uart.o
 .debug_info    0x0000000000000000      0x2a3 build/default/production/uart.o
 .debug_abbrev  0x0000000000000000       0xaa build/default/production/uart.o
 .debug_aranges
                0x0000000000000000       0x30 build/default/production/uart.o
 .debug_ranges  0x0000000000000000       0x20 build/default/production/uart.o
 .debug_line    0x0000000000000000      0x117 build/default/production/uart.o
 .debug_str     0x0000000000000000        0x0 build/default/production/uart.o
 .comment       0x0000000000000000       0x30 build/default/production/uart.o
 .debug_frame   0x0000000000000000       0x74 build/default/production/uart.o
 .text          0x0000000000000000        0x0 build/default/production/traffic_light.o
 .data          0x0000000000000000        0x0 build/default/production/traffic_light.o
 .bss           0x0000000000000000        0x0 build/default/production/traffic_light.o
 .text          0x0000000000000000        0x0 build/default/production/lora.o
 .data          0x0000000000000000        0x0 build/default/production/lora.o
 .bss           0x0000000000000000        0x0 build/default/production/lora.o
 .text.lora_alive
                0x0000000000000000       0x1c build/default/production/lora.o
 .text.lora_reboot
                0x0000000000000000       0x2e build/default/production/lora.o
 .text          0x0000000000000000        0x0 build/default/production/timer1.o
 .data          0x0000000000000000        0x0 build/default/production/timer1.o
 .bss           0x0000000000000000        0x0 build/default/production/timer1.o
 .text.t1_ctc_start
                0x0000000000000000      0x11e build/default/production/timer1.o
 .progmem.gcc_sw_table.t1_ctc_start
                0x0000000000000000        0xe build/default/production/timer1.o
 .text.t1_stop  0x0000000000000000       0x22 build/default/production/timer1.o
 .debug_info    0x0000000000000000      0x297 build/default/production/timer1.o
 .debug_abbrev  0x0000000000000000       0x85 build/default/production/timer1.o
 .debug_aranges
                0x0000000000000000       0x28 build/default/production/timer1.o
 .debug_ranges  0x0000000000000000       0x18 build/default/production/timer1.o
 .debug_line    0x0000000000000000      0x121 build/default/production/timer1.o
 .debug_str     0x0000000000000000        0x0 build/default/production/timer1.o
 .comment       0x0000000000000000       0x30 build/default/production/timer1.o
 .debug_frame   0x0000000000000000       0x54 build/default/production/timer1.o
 .text          0x0000000000000000        0x0 c:/program files/microchip/xc8/v2.32/avr/bin/../lib/gcc/avr/5.4.0/../../../../avr/lib/avr5/memx-const\libm.a(cmpsf2.o)
 .data          0x0000000000000000        0x0 c:/program files/microchip/xc8/v2.32/avr/bin/../lib/gcc/avr/5.4.0/../../../../avr/lib/avr5/memx-const\libm.a(cmpsf2.o)
 .bss           0x0000000000000000        0x0 c:/program files/microchip/xc8/v2.32/avr/bin/../lib/gcc/avr/5.4.0/../../../../avr/lib/avr5/memx-const\libm.a(cmpsf2.o)
 .stack.descriptors
                0x0000000000000000       0x6a c:/program files/microchip/xc8/v2.32/avr/bin/../lib/gcc/avr/5.4.0/../../../../avr/lib/avr5/memx-const\libm.a(cmpsf2.o)
 .text          0x0000000000000000        0x0 c:/program files/microchip/xc8/v2.32/avr/bin/../lib/gcc/avr/5.4.0/../../../../avr/lib/avr5/memx-const\libm.a(fixunssfsi.o)
 .data          0x0000000000000000        0x0 c:/program files/microchip/xc8/v2.32/avr/bin/../lib/gcc/avr/5.4.0/../../../../avr/lib/avr5/memx-const\libm.a(fixunssfsi.o)
 .bss           0x0000000000000000        0x0 c:/program files/microchip/xc8/v2.32/avr/bin/../lib/gcc/avr/5.4.0/../../../../avr/lib/avr5/memx-const\libm.a(fixunssfsi.o)
 .stack.descriptors
                0x0000000000000000       0x1a c:/program files/microchip/xc8/v2.32/avr/bin/../lib/gcc/avr/5.4.0/../../../../avr/lib/avr5/memx-const\libm.a(fixunssfsi.o)
 .text          0x0000000000000000        0x0 c:/program files/microchip/xc8/v2.32/avr/bin/../lib/gcc/avr/5.4.0/../../../../avr/lib/avr5/memx-const\libm.a(floatsisf.o)
 .data          0x0000000000000000        0x0 c:/program files/microchip/xc8/v2.32/avr/bin/../lib/gcc/avr/5.4.0/../../../../avr/lib/avr5/memx-const\libm.a(floatsisf.o)
 .bss           0x0000000000000000        0x0 c:/program files/microchip/xc8/v2.32/avr/bin/../lib/gcc/avr/5.4.0/../../../../avr/lib/avr5/memx-const\libm.a(floatsisf.o)
 .stack.descriptors
                0x0000000000000000       0x34 c:/program files/microchip/xc8/v2.32/avr/bin/../lib/gcc/avr/5.4.0/../../../../avr/lib/avr5/memx-const\libm.a(floatsisf.o)
 .text          0x0000000000000000        0x0 c:/program files/microchip/xc8/v2.32/avr/bin/../lib/gcc/avr/5.4.0/../../../../avr/lib/avr5/memx-const\libm.a(fp_cmp.o)
 .data          0x0000000000000000        0x0 c:/program files/microchip/xc8/v2.32/avr/bin/../lib/gcc/avr/5.4.0/../../../../avr/lib/avr5/memx-const\libm.a(fp_cmp.o)
 .bss           0x0000000000000000        0x0 c:/program files/microchip/xc8/v2.32/avr/bin/../lib/gcc/avr/5.4.0/../../../../avr/lib/avr5/memx-const\libm.a(fp_cmp.o)
 .stack.descriptors
                0x0000000000000000       0x16 c:/program files/microchip/xc8/v2.32/avr/bin/../lib/gcc/avr/5.4.0/../../../../avr/lib/avr5/memx-const\libm.a(fp_cmp.o)
 .text          0x0000000000000000        0x0 c:/program files/microchip/xc8/v2.32/avr/bin/../lib/gcc/avr/5.4.0/../../../../avr/lib/avr5/memx-const\libm.a(fp_split3.o)
 .data          0x0000000000000000        0x0 c:/program files/microchip/xc8/v2.32/avr/bin/../lib/gcc/avr/5.4.0/../../../../avr/lib/avr5/memx-const\libm.a(fp_split3.o)
 .bss           0x0000000000000000        0x0 c:/program files/microchip/xc8/v2.32/avr/bin/../lib/gcc/avr/5.4.0/../../../../avr/lib/avr5/memx-const\libm.a(fp_split3.o)
 .stack.descriptors
                0x0000000000000000       0x32 c:/program files/microchip/xc8/v2.32/avr/bin/../lib/gcc/avr/5.4.0/../../../../avr/lib/avr5/memx-const\libm.a(fp_split3.o)
 .text          0x0000000000000000        0x0 c:/program files/microchip/xc8/v2.32/avr/bin/../lib/gcc/avr/5.4.0/../../../../avr/lib/avr5/memx-const\libm.a(fp_zero.o)
 .data          0x0000000000000000        0x0 c:/program files/microchip/xc8/v2.32/avr/bin/../lib/gcc/avr/5.4.0/../../../../avr/lib/avr5/memx-const\libm.a(fp_zero.o)
 .bss           0x0000000000000000        0x0 c:/program files/microchip/xc8/v2.32/avr/bin/../lib/gcc/avr/5.4.0/../../../../avr/lib/avr5/memx-const\libm.a(fp_zero.o)
 .stack.descriptors
                0x0000000000000000       0x2f c:/program files/microchip/xc8/v2.32/avr/bin/../lib/gcc/avr/5.4.0/../../../../avr/lib/avr5/memx-const\libm.a(fp_zero.o)
 .text          0x0000000000000000        0x0 c:/program files/microchip/xc8/v2.32/avr/bin/../lib/gcc/avr/5.4.0/../../../../avr/lib/avr5/memx-const\libm.a(gesf2.o)
 .data          0x0000000000000000        0x0 c:/program files/microchip/xc8/v2.32/avr/bin/../lib/gcc/avr/5.4.0/../../../../avr/lib/avr5/memx-const\libm.a(gesf2.o)
 .bss           0x0000000000000000        0x0 c:/program files/microchip/xc8/v2.32/avr/bin/../lib/gcc/avr/5.4.0/../../../../avr/lib/avr5/memx-const\libm.a(gesf2.o)
 .stack.descriptors
                0x0000000000000000       0x2a c:/program files/microchip/xc8/v2.32/avr/bin/../lib/gcc/avr/5.4.0/../../../../avr/lib/avr5/memx-const\libm.a(gesf2.o)
 .text          0x0000000000000000        0x0 c:/program files/microchip/xc8/v2.32/avr/bin/../lib/gcc/avr/5.4.0/../../../../avr/lib/avr5/memx-const\libm.a(mulsf3.o)
 .data          0x0000000000000000        0x0 c:/program files/microchip/xc8/v2.32/avr/bin/../lib/gcc/avr/5.4.0/../../../../avr/lib/avr5/memx-const\libm.a(mulsf3.o)
 .bss           0x0000000000000000        0x0 c:/program files/microchip/xc8/v2.32/avr/bin/../lib/gcc/avr/5.4.0/../../../../avr/lib/avr5/memx-const\libm.a(mulsf3.o)
 .stack.descriptors
                0x0000000000000000       0x16 c:/program files/microchip/xc8/v2.32/avr/bin/../lib/gcc/avr/5.4.0/../../../../avr/lib/avr5/memx-const\libm.a(mulsf3.o)
 .text          0x0000000000000000        0x0 c:/program files/microchip/xc8/v2.32/avr/bin/../lib/gcc/avr/5.4.0/../../../../avr/lib/avr5/memx-const\libm.a(mulsf3x.o)
 .data          0x0000000000000000        0x0 c:/program files/microchip/xc8/v2.32/avr/bin/../lib/gcc/avr/5.4.0/../../../../avr/lib/avr5/memx-const\libm.a(mulsf3x.o)
 .bss           0x0000000000000000        0x0 c:/program files/microchip/xc8/v2.32/avr/bin/../lib/gcc/avr/5.4.0/../../../../avr/lib/avr5/memx-const\libm.a(mulsf3x.o)
 .stack.descriptors
                0x0000000000000000       0x31 c:/program files/microchip/xc8/v2.32/avr/bin/../lib/gcc/avr/5.4.0/../../../../avr/lib/avr5/memx-const\libm.a(mulsf3x.o)
 .text          0x0000000000000000        0x0 c:/program files/microchip/xc8/v2.32/avr/bin/../lib/gcc/avr/5.4.0/../../../../avr/lib/avr5/memx-const\libm.a(fp_inf.o)
 .data          0x0000000000000000        0x0 c:/program files/microchip/xc8/v2.32/avr/bin/../lib/gcc/avr/5.4.0/../../../../avr/lib/avr5/memx-const\libm.a(fp_inf.o)
 .bss           0x0000000000000000        0x0 c:/program files/microchip/xc8/v2.32/avr/bin/../lib/gcc/avr/5.4.0/../../../../avr/lib/avr5/memx-const\libm.a(fp_inf.o)
 .stack.descriptors
                0x0000000000000000       0x16 c:/program files/microchip/xc8/v2.32/avr/bin/../lib/gcc/avr/5.4.0/../../../../avr/lib/avr5/memx-const\libm.a(fp_inf.o)
 .text          0x0000000000000000        0x0 c:/program files/microchip/xc8/v2.32/avr/bin/../lib/gcc/avr/5.4.0/../../../../avr/lib/avr5/memx-const\libm.a(fp_nan.o)
 .data          0x0000000000000000        0x0 c:/program files/microchip/xc8/v2.32/avr/bin/../lib/gcc/avr/5.4.0/../../../../avr/lib/avr5/memx-const\libm.a(fp_nan.o)
 .bss           0x0000000000000000        0x0 c:/program files/microchip/xc8/v2.32/avr/bin/../lib/gcc/avr/5.4.0/../../../../avr/lib/avr5/memx-const\libm.a(fp_nan.o)
 .stack.descriptors
                0x0000000000000000       0x16 c:/program files/microchip/xc8/v2.32/avr/bin/../lib/gcc/avr/5.4.0/../../../../avr/lib/avr5/memx-const\libm.a(fp_nan.o)
 .text          0x0000000000000000        0x0 c:/program files/microchip/xc8/v2.32/avr/bin/../lib/gcc/avr/5.4.0/../../../../avr/lib/avr5/memx-const\libm.a(fp_pscA.o)
 .data          0x0000000000000000        0x0 c:/program files/microchip/xc8/v2.32/avr/bin/../lib/gcc/avr/5.4.0/../../../../avr/lib/avr5/memx-const\libm.a(fp_pscA.o)
 .bss           0x0000000000000000        0x0 c:/program files/microchip/xc8/v2.32/avr/bin/../lib/gcc/avr/5.4.0/../../../../avr/lib/avr5/memx-const\libm.a(fp_pscA.o)
 .stack.descriptors
                0x0000000000000000       0x17 c:/program files/microchip/xc8/v2.32/avr/bin/../lib/gcc/avr/5.4.0/../../../../avr/lib/avr5/memx-const\libm.a(fp_pscA.o)
 .text          0x0000000000000000        0x0 c:/program files/microchip/xc8/v2.32/avr/bin/../lib/gcc/avr/5.4.0/../../../../avr/lib/avr5/memx-const\libm.a(fp_pscB.o)
 .data          0x0000000000000000        0x0 c:/program files/microchip/xc8/v2.32/avr/bin/../lib/gcc/avr/5.4.0/../../../../avr/lib/avr5/memx-const\libm.a(fp_pscB.o)
 .bss           0x0000000000000000        0x0 c:/program files/microchip/xc8/v2.32/avr/bin/../lib/gcc/avr/5.4.0/../../../../avr/lib/avr5/memx-const\libm.a(fp_pscB.o)
 .stack.descriptors
                0x0000000000000000       0x17 c:/program files/microchip/xc8/v2.32/avr/bin/../lib/gcc/avr/5.4.0/../../../../avr/lib/avr5/memx-const\libm.a(fp_pscB.o)
 .text          0x0000000000000000        0x0 c:/program files/microchip/xc8/v2.32/avr/bin/../lib/gcc/avr/5.4.0/../../../../avr/lib/avr5/memx-const\libm.a(fp_round.o)
 .data          0x0000000000000000        0x0 c:/program files/microchip/xc8/v2.32/avr/bin/../lib/gcc/avr/5.4.0/../../../../avr/lib/avr5/memx-const\libm.a(fp_round.o)
 .bss           0x0000000000000000        0x0 c:/program files/microchip/xc8/v2.32/avr/bin/../lib/gcc/avr/5.4.0/../../../../avr/lib/avr5/memx-const\libm.a(fp_round.o)
 .stack.descriptors
                0x0000000000000000       0x18 c:/program files/microchip/xc8/v2.32/avr/bin/../lib/gcc/avr/5.4.0/../../../../avr/lib/avr5/memx-const\libm.a(fp_round.o)
 .text          0x0000000000000000        0x0 c:/program files/microchip/xc8/v2.32/avr/bin/../lib/gcc/avr/5.4.0/avr5/memx-const\libgcc.a(_mulsi3.o)
 .data          0x0000000000000000        0x0 c:/program files/microchip/xc8/v2.32/avr/bin/../lib/gcc/avr/5.4.0/avr5/memx-const\libgcc.a(_mulsi3.o)
 .bss           0x0000000000000000        0x0 c:/program files/microchip/xc8/v2.32/avr/bin/../lib/gcc/avr/5.4.0/avr5/memx-const\libgcc.a(_mulsi3.o)
 .stack.descriptors
                0x0000000000000000       0x16 c:/program files/microchip/xc8/v2.32/avr/bin/../lib/gcc/avr/5.4.0/avr5/memx-const\libgcc.a(_mulsi3.o)
 .text.libgcc.div
                0x0000000000000000        0x0 c:/program files/microchip/xc8/v2.32/avr/bin/../lib/gcc/avr/5.4.0/avr5/memx-const\libgcc.a(_mulsi3.o)
 .text.libgcc   0x0000000000000000        0x0 c:/program files/microchip/xc8/v2.32/avr/bin/../lib/gcc/avr/5.4.0/avr5/memx-const\libgcc.a(_mulsi3.o)
 .text.libgcc.prologue
                0x0000000000000000        0x0 c:/program files/microchip/xc8/v2.32/avr/bin/../lib/gcc/avr/5.4.0/avr5/memx-const\libgcc.a(_mulsi3.o)
 .text.libgcc.builtins
                0x0000000000000000        0x0 c:/program files/microchip/xc8/v2.32/avr/bin/../lib/gcc/avr/5.4.0/avr5/memx-const\libgcc.a(_mulsi3.o)
 .text.libgcc.fmul
                0x0000000000000000        0x0 c:/program files/microchip/xc8/v2.32/avr/bin/../lib/gcc/avr/5.4.0/avr5/memx-const\libgcc.a(_mulsi3.o)
 .text.libgcc.fixed
                0x0000000000000000        0x0 c:/program files/microchip/xc8/v2.32/avr/bin/../lib/gcc/avr/5.4.0/avr5/memx-const\libgcc.a(_mulsi3.o)
 .text          0x0000000000000000        0x0 c:/program files/microchip/xc8/v2.32/avr/bin/../lib/gcc/avr/5.4.0/avr5/memx-const\libgcc.a(_exit.o)
 .data          0x0000000000000000        0x0 c:/program files/microchip/xc8/v2.32/avr/bin/../lib/gcc/avr/5.4.0/avr5/memx-const\libgcc.a(_exit.o)
 .bss           0x0000000000000000        0x0 c:/program files/microchip/xc8/v2.32/avr/bin/../lib/gcc/avr/5.4.0/avr5/memx-const\libgcc.a(_exit.o)
 .text.libgcc.mul
                0x0000000000000000        0x0 c:/program files/microchip/xc8/v2.32/avr/bin/../lib/gcc/avr/5.4.0/avr5/memx-const\libgcc.a(_exit.o)
 .text.libgcc.div
                0x0000000000000000        0x0 c:/program files/microchip/xc8/v2.32/avr/bin/../lib/gcc/avr/5.4.0/avr5/memx-const\libgcc.a(_exit.o)
 .text.libgcc   0x0000000000000000        0x0 c:/program files/microchip/xc8/v2.32/avr/bin/../lib/gcc/avr/5.4.0/avr5/memx-const\libgcc.a(_exit.o)
 .text.libgcc.prologue
                0x0000000000000000        0x0 c:/program files/microchip/xc8/v2.32/avr/bin/../lib/gcc/avr/5.4.0/avr5/memx-const\libgcc.a(_exit.o)
 .stack.descriptors
                0x0000000000000000       0x13 c:/program files/microchip/xc8/v2.32/avr/bin/../lib/gcc/avr/5.4.0/avr5/memx-const\libgcc.a(_exit.o)
 .text.libgcc.builtins
                0x0000000000000000        0x0 c:/program files/microchip/xc8/v2.32/avr/bin/../lib/gcc/avr/5.4.0/avr5/memx-const\libgcc.a(_exit.o)
 .text.libgcc.fmul
                0x0000000000000000        0x0 c:/program files/microchip/xc8/v2.32/avr/bin/../lib/gcc/avr/5.4.0/avr5/memx-const\libgcc.a(_exit.o)
 .text.libgcc.fixed
                0x0000000000000000        0x0 c:/program files/microchip/xc8/v2.32/avr/bin/../lib/gcc/avr/5.4.0/avr5/memx-const\libgcc.a(_exit.o)
 .text          0x0000000000000000        0x0 c:/program files/microchip/xc8/v2.32/avr/bin/../lib/gcc/avr/5.4.0/avr5/memx-const\libgcc.a(_tablejump2.o)
 .data          0x0000000000000000        0x0 c:/program files/microchip/xc8/v2.32/avr/bin/../lib/gcc/avr/5.4.0/avr5/memx-const\libgcc.a(_tablejump2.o)
 .bss           0x0000000000000000        0x0 c:/program files/microchip/xc8/v2.32/avr/bin/../lib/gcc/avr/5.4.0/avr5/memx-const\libgcc.a(_tablejump2.o)
 .text.libgcc.mul
                0x0000000000000000        0x0 c:/program files/microchip/xc8/v2.32/avr/bin/../lib/gcc/avr/5.4.0/avr5/memx-const\libgcc.a(_tablejump2.o)
 .text.libgcc.div
                0x0000000000000000        0x0 c:/program files/microchip/xc8/v2.32/avr/bin/../lib/gcc/avr/5.4.0/avr5/memx-const\libgcc.a(_tablejump2.o)
 .text.libgcc.prologue
                0x0000000000000000        0x0 c:/program files/microchip/xc8/v2.32/avr/bin/../lib/gcc/avr/5.4.0/avr5/memx-const\libgcc.a(_tablejump2.o)
 .stack.descriptors
                0x0000000000000000       0x1c c:/program files/microchip/xc8/v2.32/avr/bin/../lib/gcc/avr/5.4.0/avr5/memx-const\libgcc.a(_tablejump2.o)
 .text.libgcc.builtins
                0x0000000000000000        0x0 c:/program files/microchip/xc8/v2.32/avr/bin/../lib/gcc/avr/5.4.0/avr5/memx-const\libgcc.a(_tablejump2.o)
 .text.libgcc.fmul
                0x0000000000000000        0x0 c:/program files/microchip/xc8/v2.32/avr/bin/../lib/gcc/avr/5.4.0/avr5/memx-const\libgcc.a(_tablejump2.o)
 .text.libgcc.fixed
                0x0000000000000000        0x0 c:/program files/microchip/xc8/v2.32/avr/bin/../lib/gcc/avr/5.4.0/avr5/memx-const\libgcc.a(_tablejump2.o)
 .text          0x0000000000000000        0x0 c:/program files/microchip/xc8/v2.32/avr/bin/../lib/gcc/avr/5.4.0/avr5/memx-const\libgcc.a(_copy_data.o)
 .data          0x0000000000000000        0x0 c:/program files/microchip/xc8/v2.32/avr/bin/../lib/gcc/avr/5.4.0/avr5/memx-const\libgcc.a(_copy_data.o)
 .bss           0x0000000000000000        0x0 c:/program files/microchip/xc8/v2.32/avr/bin/../lib/gcc/avr/5.4.0/avr5/memx-const\libgcc.a(_copy_data.o)
 .text.libgcc.mul
                0x0000000000000000        0x0 c:/program files/microchip/xc8/v2.32/avr/bin/../lib/gcc/avr/5.4.0/avr5/memx-const\libgcc.a(_copy_data.o)
 .text.libgcc.div
                0x0000000000000000        0x0 c:/program files/microchip/xc8/v2.32/avr/bin/../lib/gcc/avr/5.4.0/avr5/memx-const\libgcc.a(_copy_data.o)
 .text.libgcc   0x0000000000000000        0x0 c:/program files/microchip/xc8/v2.32/avr/bin/../lib/gcc/avr/5.4.0/avr5/memx-const\libgcc.a(_copy_data.o)
 .text.libgcc.prologue
                0x0000000000000000        0x0 c:/program files/microchip/xc8/v2.32/avr/bin/../lib/gcc/avr/5.4.0/avr5/memx-const\libgcc.a(_copy_data.o)
 .text.libgcc.builtins
                0x0000000000000000        0x0 c:/program files/microchip/xc8/v2.32/avr/bin/../lib/gcc/avr/5.4.0/avr5/memx-const\libgcc.a(_copy_data.o)
 .text.libgcc.fmul
                0x0000000000000000        0x0 c:/program files/microchip/xc8/v2.32/avr/bin/../lib/gcc/avr/5.4.0/avr5/memx-const\libgcc.a(_copy_data.o)
 .text.libgcc.fixed
                0x0000000000000000        0x0 c:/program files/microchip/xc8/v2.32/avr/bin/../lib/gcc/avr/5.4.0/avr5/memx-const\libgcc.a(_copy_data.o)
 .text          0x0000000000000000        0x0 c:/program files/microchip/xc8/v2.32/avr/bin/../lib/gcc/avr/5.4.0/avr5/memx-const\libgcc.a(_muluhisi3.o)
 .data          0x0000000000000000        0x0 c:/program files/microchip/xc8/v2.32/avr/bin/../lib/gcc/avr/5.4.0/avr5/memx-const\libgcc.a(_muluhisi3.o)
 .bss           0x0000000000000000        0x0 c:/program files/microchip/xc8/v2.32/avr/bin/../lib/gcc/avr/5.4.0/avr5/memx-const\libgcc.a(_muluhisi3.o)
 .stack.descriptors
                0x0000000000000000       0x19 c:/program files/microchip/xc8/v2.32/avr/bin/../lib/gcc/avr/5.4.0/avr5/memx-const\libgcc.a(_muluhisi3.o)
 .text.libgcc.div
                0x0000000000000000        0x0 c:/program files/microchip/xc8/v2.32/avr/bin/../lib/gcc/avr/5.4.0/avr5/memx-const\libgcc.a(_muluhisi3.o)
 .text.libgcc   0x0000000000000000        0x0 c:/program files/microchip/xc8/v2.32/avr/bin/../lib/gcc/avr/5.4.0/avr5/memx-const\libgcc.a(_muluhisi3.o)
 .text.libgcc.prologue
                0x0000000000000000        0x0 c:/program files/microchip/xc8/v2.32/avr/bin/../lib/gcc/avr/5.4.0/avr5/memx-const\libgcc.a(_muluhisi3.o)
 .text.libgcc.builtins
                0x0000000000000000        0x0 c:/program files/microchip/xc8/v2.32/avr/bin/../lib/gcc/avr/5.4.0/avr5/memx-const\libgcc.a(_muluhisi3.o)
 .text.libgcc.fmul
                0x0000000000000000        0x0 c:/program files/microchip/xc8/v2.32/avr/bin/../lib/gcc/avr/5.4.0/avr5/memx-const\libgcc.a(_muluhisi3.o)
 .text.libgcc.fixed
                0x0000000000000000        0x0 c:/program files/microchip/xc8/v2.32/avr/bin/../lib/gcc/avr/5.4.0/avr5/memx-const\libgcc.a(_muluhisi3.o)
 .text          0x0000000000000000        0x0 c:/program files/microchip/xc8/v2.32/avr/bin/../lib/gcc/avr/5.4.0/avr5/memx-const\libgcc.a(_udivdi3.o)
 .data          0x0000000000000000        0x0 c:/program files/microchip/xc8/v2.32/avr/bin/../lib/gcc/avr/5.4.0/avr5/memx-const\libgcc.a(_udivdi3.o)
 .bss           0x0000000000000000        0x0 c:/program files/microchip/xc8/v2.32/avr/bin/../lib/gcc/avr/5.4.0/avr5/memx-const\libgcc.a(_udivdi3.o)
 .text.libgcc.mul
                0x0000000000000000        0x0 c:/program files/microchip/xc8/v2.32/avr/bin/../lib/gcc/avr/5.4.0/avr5/memx-const\libgcc.a(_udivdi3.o)
 .stack.descriptors
                0x0000000000000000       0x4d c:/program files/microchip/xc8/v2.32/avr/bin/../lib/gcc/avr/5.4.0/avr5/memx-const\libgcc.a(_udivdi3.o)
 .text.libgcc   0x0000000000000000        0x0 c:/program files/microchip/xc8/v2.32/avr/bin/../lib/gcc/avr/5.4.0/avr5/memx-const\libgcc.a(_udivdi3.o)
 .text.libgcc.prologue
                0x0000000000000000        0x0 c:/program files/microchip/xc8/v2.32/avr/bin/../lib/gcc/avr/5.4.0/avr5/memx-const\libgcc.a(_udivdi3.o)
 .text.libgcc.builtins
                0x0000000000000000        0x0 c:/program files/microchip/xc8/v2.32/avr/bin/../lib/gcc/avr/5.4.0/avr5/memx-const\libgcc.a(_udivdi3.o)
 .text.libgcc.fmul
                0x0000000000000000        0x0 c:/program files/microchip/xc8/v2.32/avr/bin/../lib/gcc/avr/5.4.0/avr5/memx-const\libgcc.a(_udivdi3.o)
 .text.libgcc.fixed
                0x0000000000000000        0x0 c:/program files/microchip/xc8/v2.32/avr/bin/../lib/gcc/avr/5.4.0/avr5/memx-const\libgcc.a(_udivdi3.o)
 .text          0x0000000000000000        0x0 c:/program files/microchip/xc8/v2.32/avr/bin/../lib/gcc/avr/5.4.0/avr5/memx-const\libgcc.a(_udivmod64.o)
 .data          0x0000000000000000        0x0 c:/program files/microchip/xc8/v2.32/avr/bin/../lib/gcc/avr/5.4.0/avr5/memx-const\libgcc.a(_udivmod64.o)
 .bss           0x0000000000000000        0x0 c:/program files/microchip/xc8/v2.32/avr/bin/../lib/gcc/avr/5.4.0/avr5/memx-const\libgcc.a(_udivmod64.o)
 .text.libgcc.mul
                0x0000000000000000        0x0 c:/program files/microchip/xc8/v2.32/avr/bin/../lib/gcc/avr/5.4.0/avr5/memx-const\libgcc.a(_udivmod64.o)
 .stack.descriptors
                0x0000000000000000       0x19 c:/program files/microchip/xc8/v2.32/avr/bin/../lib/gcc/avr/5.4.0/avr5/memx-const\libgcc.a(_udivmod64.o)
 .text.libgcc   0x0000000000000000        0x0 c:/program files/microchip/xc8/v2.32/avr/bin/../lib/gcc/avr/5.4.0/avr5/memx-const\libgcc.a(_udivmod64.o)
 .text.libgcc.prologue
                0x0000000000000000        0x0 c:/program files/microchip/xc8/v2.32/avr/bin/../lib/gcc/avr/5.4.0/avr5/memx-const\libgcc.a(_udivmod64.o)
 .text.libgcc.builtins
                0x0000000000000000        0x0 c:/program files/microchip/xc8/v2.32/avr/bin/../lib/gcc/avr/5.4.0/avr5/memx-const\libgcc.a(_udivmod64.o)
 .text.libgcc.fmul
                0x0000000000000000        0x0 c:/program files/microchip/xc8/v2.32/avr/bin/../lib/gcc/avr/5.4.0/avr5/memx-const\libgcc.a(_udivmod64.o)
 .text.libgcc.fixed
                0x0000000000000000        0x0 c:/program files/microchip/xc8/v2.32/avr/bin/../lib/gcc/avr/5.4.0/avr5/memx-const\libgcc.a(_udivmod64.o)
 .text          0x0000000000000000        0x0 c:/program files/microchip/xc8/v2.32/avr/bin/../lib/gcc/avr/5.4.0/avr5/memx-const\libgcc.a(_ashldi3.o)
 .data          0x0000000000000000        0x0 c:/program files/microchip/xc8/v2.32/avr/bin/../lib/gcc/avr/5.4.0/avr5/memx-const\libgcc.a(_ashldi3.o)
 .bss           0x0000000000000000        0x0 c:/program files/microchip/xc8/v2.32/avr/bin/../lib/gcc/avr/5.4.0/avr5/memx-const\libgcc.a(_ashldi3.o)
 .text.libgcc.mul
                0x0000000000000000        0x0 c:/program files/microchip/xc8/v2.32/avr/bin/../lib/gcc/avr/5.4.0/avr5/memx-const\libgcc.a(_ashldi3.o)
 .text.libgcc.div
                0x0000000000000000        0x0 c:/program files/microchip/xc8/v2.32/avr/bin/../lib/gcc/avr/5.4.0/avr5/memx-const\libgcc.a(_ashldi3.o)
 .text.libgcc   0x0000000000000000        0x0 c:/program files/microchip/xc8/v2.32/avr/bin/../lib/gcc/avr/5.4.0/avr5/memx-const\libgcc.a(_ashldi3.o)
 .text.libgcc.prologue
                0x0000000000000000        0x0 c:/program files/microchip/xc8/v2.32/avr/bin/../lib/gcc/avr/5.4.0/avr5/memx-const\libgcc.a(_ashldi3.o)
 .stack.descriptors
                0x0000000000000000       0x17 c:/program files/microchip/xc8/v2.32/avr/bin/../lib/gcc/avr/5.4.0/avr5/memx-const\libgcc.a(_ashldi3.o)
 .text.libgcc.fmul
                0x0000000000000000        0x0 c:/program files/microchip/xc8/v2.32/avr/bin/../lib/gcc/avr/5.4.0/avr5/memx-const\libgcc.a(_ashldi3.o)
 .text.libgcc.fixed
                0x0000000000000000        0x0 c:/program files/microchip/xc8/v2.32/avr/bin/../lib/gcc/avr/5.4.0/avr5/memx-const\libgcc.a(_ashldi3.o)
 .text          0x0000000000000000        0x0 c:/program files/microchip/xc8/v2.32/avr/bin/../lib/gcc/avr/5.4.0/avr5/memx-const\libgcc.a(_ashrdi3.o)
 .data          0x0000000000000000        0x0 c:/program files/microchip/xc8/v2.32/avr/bin/../lib/gcc/avr/5.4.0/avr5/memx-const\libgcc.a(_ashrdi3.o)
 .bss           0x0000000000000000        0x0 c:/program files/microchip/xc8/v2.32/avr/bin/../lib/gcc/avr/5.4.0/avr5/memx-const\libgcc.a(_ashrdi3.o)
 .text.libgcc.mul
                0x0000000000000000        0x0 c:/program files/microchip/xc8/v2.32/avr/bin/../lib/gcc/avr/5.4.0/avr5/memx-const\libgcc.a(_ashrdi3.o)
 .text.libgcc.div
                0x0000000000000000        0x0 c:/program files/microchip/xc8/v2.32/avr/bin/../lib/gcc/avr/5.4.0/avr5/memx-const\libgcc.a(_ashrdi3.o)
 .text.libgcc   0x0000000000000000        0x0 c:/program files/microchip/xc8/v2.32/avr/bin/../lib/gcc/avr/5.4.0/avr5/memx-const\libgcc.a(_ashrdi3.o)
 .text.libgcc.prologue
                0x0000000000000000        0x0 c:/program files/microchip/xc8/v2.32/avr/bin/../lib/gcc/avr/5.4.0/avr5/memx-const\libgcc.a(_ashrdi3.o)
 .stack.descriptors
                0x0000000000000000       0x2e c:/program files/microchip/xc8/v2.32/avr/bin/../lib/gcc/avr/5.4.0/avr5/memx-const\libgcc.a(_ashrdi3.o)
 .text.libgcc.fmul
                0x0000000000000000        0x0 c:/program files/microchip/xc8/v2.32/avr/bin/../lib/gcc/avr/5.4.0/avr5/memx-const\libgcc.a(_ashrdi3.o)
 .text.libgcc.fixed
                0x0000000000000000        0x0 c:/program files/microchip/xc8/v2.32/avr/bin/../lib/gcc/avr/5.4.0/avr5/memx-const\libgcc.a(_ashrdi3.o)
 .text          0x0000000000000000        0x0 c:/program files/microchip/xc8/v2.32/avr/bin/../lib/gcc/avr/5.4.0/avr5/memx-const\libgcc.a(_umulhisi3.o)
 .data          0x0000000000000000        0x0 c:/program files/microchip/xc8/v2.32/avr/bin/../lib/gcc/avr/5.4.0/avr5/memx-const\libgcc.a(_umulhisi3.o)
 .bss           0x0000000000000000        0x0 c:/program files/microchip/xc8/v2.32/avr/bin/../lib/gcc/avr/5.4.0/avr5/memx-const\libgcc.a(_umulhisi3.o)
 .stack.descriptors
                0x0000000000000000       0x19 c:/program files/microchip/xc8/v2.32/avr/bin/../lib/gcc/avr/5.4.0/avr5/memx-const\libgcc.a(_umulhisi3.o)
 .text.libgcc.div
                0x0000000000000000        0x0 c:/program files/microchip/xc8/v2.32/avr/bin/../lib/gcc/avr/5.4.0/avr5/memx-const\libgcc.a(_umulhisi3.o)
 .text.libgcc   0x0000000000000000        0x0 c:/program files/microchip/xc8/v2.32/avr/bin/../lib/gcc/avr/5.4.0/avr5/memx-const\libgcc.a(_umulhisi3.o)
 .text.libgcc.prologue
                0x0000000000000000        0x0 c:/program files/microchip/xc8/v2.32/avr/bin/../lib/gcc/avr/5.4.0/avr5/memx-const\libgcc.a(_umulhisi3.o)
 .text.libgcc.builtins
                0x0000000000000000        0x0 c:/program files/microchip/xc8/v2.32/avr/bin/../lib/gcc/avr/5.4.0/avr5/memx-const\libgcc.a(_umulhisi3.o)
 .text.libgcc.fmul
                0x0000000000000000        0x0 c:/program files/microchip/xc8/v2.32/avr/bin/../lib/gcc/avr/5.4.0/avr5/memx-const\libgcc.a(_umulhisi3.o)
 .text.libgcc.fixed
                0x0000000000000000        0x0 c:/program files/microchip/xc8/v2.32/avr/bin/../lib/gcc/avr/5.4.0/avr5/memx-const\libgcc.a(_umulhisi3.o)
 .text          0x0000000000000000        0x0 c:/program files/microchip/xc8/v2.32/avr/bin/../lib/gcc/avr/5.4.0/../../../../avr/lib/avr5/memx-const\libc.a(memcpy_M.o)
 .data          0x0000000000000000        0x0 c:/program files/microchip/xc8/v2.32/avr/bin/../lib/gcc/avr/5.4.0/../../../../avr/lib/avr5/memx-const\libc.a(memcpy_M.o)
 .bss           0x0000000000000000        0x0 c:/program files/microchip/xc8/v2.32/avr/bin/../lib/gcc/avr/5.4.0/../../../../avr/lib/avr5/memx-const\libc.a(memcpy_M.o)
 .stack.descriptors
                0x0000000000000000       0x14 c:/program files/microchip/xc8/v2.32/avr/bin/../lib/gcc/avr/5.4.0/../../../../avr/lib/avr5/memx-const\libc.a(memcpy_M.o)
 .text          0x0000000000000000        0x0 c:/program files/microchip/xc8/v2.32/avr/bin/../lib/gcc/avr/5.4.0/../../../../avr/lib/avr5/memx-const\libc.a(memset.o)
 .data          0x0000000000000000        0x0 c:/program files/microchip/xc8/v2.32/avr/bin/../lib/gcc/avr/5.4.0/../../../../avr/lib/avr5/memx-const\libc.a(memset.o)
 .bss           0x0000000000000000        0x0 c:/program files/microchip/xc8/v2.32/avr/bin/../lib/gcc/avr/5.4.0/../../../../avr/lib/avr5/memx-const\libc.a(memset.o)
 .stack.descriptors
                0x0000000000000000       0x14 c:/program files/microchip/xc8/v2.32/avr/bin/../lib/gcc/avr/5.4.0/../../../../avr/lib/avr5/memx-const\libc.a(memset.o)
 .text          0x0000000000000000        0x0 C:/Users/Jedi/.mchp_packs/Microchip/ATmega_DFP/2.4.131/xc8/avr/lib/avr5/memx-const\libatmega32u4.a(eerd_byte.o)
 .data          0x0000000000000000        0x0 C:/Users/Jedi/.mchp_packs/Microchip/ATmega_DFP/2.4.131/xc8/avr/lib/avr5/memx-const\libatmega32u4.a(eerd_byte.o)
 .bss           0x0000000000000000        0x0 C:/Users/Jedi/.mchp_packs/Microchip/ATmega_DFP/2.4.131/xc8/avr/lib/avr5/memx-const\libatmega32u4.a(eerd_byte.o)
 .stack.descriptors
                0x0000000000000000       0x1e C:/Users/Jedi/.mchp_packs/Microchip/ATmega_DFP/2.4.131/xc8/avr/lib/avr5/memx-const\libatmega32u4.a(eerd_byte.o)
 .text          0x0000000000000000        0x0 C:/Users/Jedi/.mchp_packs/Microchip/ATmega_DFP/2.4.131/xc8/avr/lib/avr5/memx-const\libatmega32u4.a(eewr_byte.o)
 .data          0x0000000000000000        0x0 C:/Users/Jedi/.mchp_packs/Microchip/ATmega_DFP/2.4.131/xc8/avr/lib/avr5/memx-const\libatmega32u4.a(eewr_byte.o)
 .bss           0x0000000000000000        0x0 C:/Users/Jedi/.mchp_packs/Microchip/ATmega_DFP/2.4.131/xc8/avr/lib/avr5/memx-const\libatmega32u4.a(eewr_byte.o)
 .stack.descriptors
                0x0000000000000000       0x3d C:/Users/Jedi/.mchp_packs/Microchip/ATmega_DFP/2.4.131/xc8/avr/lib/avr5/memx-const\libatmega32u4.a(eewr_byte.o)

Memory Configuration

Name             Origin             Length             Attributes
text             0x0000000000000000 0x0000000000008000 xr
data             0x0000000000800100 0x0000000000000a00 rw !x
eeprom           0x0000000000810000 0x0000000000000400 rw !x
fuse             0x0000000000820000 0x0000000000000003 rw !x
lock             0x0000000000830000 0x0000000000000400 rw !x
signature        0x0000000000840000 0x0000000000000400 rw !x
user_signatures  0x0000000000850000 0x0000000000000400 rw !x
*default*        0x0000000000000000 0xffffffffffffffff

Linker script and memory map

Address of section .data set to 0x800100
LOAD C:/Users/Jedi/.mchp_packs/Microchip/ATmega_DFP/2.4.131/xc8/avr/lib/avr5/memx-const/crtatmega32u4.o
                0x0000000000000001                __MPLAB_BUILD = 0x1
LOAD build/default/production/main.o
LOAD build/default/production/timer0.o
LOAD build/default/production/gpio.o
LOAD build/default/production/rfm95w.o
LOAD build/default/production/spi.o
LOAD build/default/production/uart.o
LOAD build/default/production/traffic_light.o
LOAD build/default/production/lora.o
LOAD build/default/production/timer1.o
START GROUP
LOAD c:/program files/microchip/xc8/v2.32/avr/bin/../lib/gcc/avr/5.4.0/../../../../avr/lib/avr5/memx-const\libm.a
END GROUP
START GROUP
LOAD c:/program files/microchip/xc8/v2.32/avr/bin/../lib/gcc/avr/5.4.0/avr5/memx-const\libgcc.a
LOAD c:/program files/microchip/xc8/v2.32/avr/bin/../lib/gcc/avr/5.4.0/../../../../avr/lib/avr5/memx-const\libm.a
LOAD c:/program files/microchip/xc8/v2.32/avr/bin/../lib/gcc/avr/5.4.0/../../../../avr/lib/avr5/memx-const\libc.a
LOAD C:/Users/Jedi/.mchp_packs/Microchip/ATmega_DFP/2.4.131/xc8/avr/lib/avr5/memx-const\libatmega32u4.a
END GROUP
                0x0000000000000000                __TEXT_REGION_ORIGIN__ = DEFINED (__TEXT_REGION_ORIGIN__)?__TEXT_REGION_ORIGIN__:0x0
                [0x0000000000800100]                __DATA_REGION_ORIGIN__ = DEFINED (__DATA_REGION_ORIGIN__)?__DATA_REGION_ORIGIN__:0x800060
                [0x0000000000008000]                __TEXT_REGION_LENGTH__ = DEFINED (__TEXT_REGION_LENGTH__)?__TEXT_REGION_LENGTH__:0x20000
                [0x0000000000000a00]                __DATA_REGION_LENGTH__ = DEFINED (__DATA_REGION_LENGTH__)?__DATA_REGION_LENGTH__:0xffa0
                [0x0000000000000400]                __EEPROM_REGION_LENGTH__ = DEFINED (__EEPROM_REGION_LENGTH__)?__EEPROM_REGION_LENGTH__:0x10000
                [0x0000000000000003]                __FUSE_REGION_LENGTH__ = DEFINED (__FUSE_REGION_LENGTH__)?__FUSE_REGION_LENGTH__:0x400
                0x0000000000000400                __LOCK_REGION_LENGTH__ = DEFINED (__LOCK_REGION_LENGTH__)?__LOCK_REGION_LENGTH__:0x400
                0x0000000000000400                __SIGNATURE_REGION_LENGTH__ = DEFINED (__SIGNATURE_REGION_LENGTH__)?__SIGNATURE_REGION_LENGTH__:0x400
                0x0000000000000400                __USER_SIGNATURE_REGION_LENGTH__ = DEFINED (__USER_SIGNATURE_REGION_LENGTH__)?__USER_SIGNATURE_REGION_LENGTH__:0x400

.hash
 *(.hash)

.dynsym
 *(.dynsym)

.dynstr
 *(.dynstr)

.gnu.version
 *(.gnu.version)

.gnu.version_d
 *(.gnu.version_d)

.gnu.version_r
 *(.gnu.version_r)

.rel.init
 *(.rel.init)

.rela.init
 *(.rela.init)

.rel.text
 *(.rel.text)
 *(.rel.text.*)
 *(.rel.gnu.linkonce.t*)

.rela.text
 *(.rela.text)
 *(.rela.text.*)
 *(.rela.gnu.linkonce.t*)

.rel.fini
 *(.rel.fini)

.rela.fini
 *(.rela.fini)

.rel.rodata
 *(.rel.rodata)
 *(.rel.rodata.*)
 *(.rel.gnu.linkonce.r*)

.rela.rodata
 *(.rela.rodata)
 *(.rela.rodata.*)
 *(.rela.gnu.linkonce.r*)

.rel.data
 *(.rel.data)
 *(.rel.data.*)
 *(.rel.gnu.linkonce.d*)

.rela.data
 *(.rela.data)
 *(.rela.data.*)
 *(.rela.gnu.linkonce.d*)

.rel.ctors
 *(.rel.ctors)

.rela.ctors
 *(.rela.ctors)

.rel.dtors
 *(.rel.dtors)

.rela.dtors
 *(.rela.dtors)

.rel.got
 *(.rel.got)

.rela.got
 *(.rela.got)

.rel.bss
 *(.rel.bss)

.rela.bss
 *(.rela.bss)

.rel.plt
 *(.rel.plt)

.rela.plt
 *(.rela.plt)

.text           0x0000000000000000      0x11a
 *(.vectors)
 .vectors       0x0000000000000000       0xac C:/Users/Jedi/.mchp_packs/Microchip/ATmega_DFP/2.4.131/xc8/avr/lib/avr5/memx-const/crtatmega32u4.o
                0x0000000000000000                __vector_default
                0x0000000000000000                __vectors
 *(.vectors)
 *(.progmem.gcc*)
 .progmem.gcc_sw_table.t0_ctc_start
                0x00000000000000ac        0xe build/default/production/timer0.o
 *(.dinit)
 .dinit         0x00000000000000ba        0xc data_init
                0x00000000000000c6                . = ALIGN (0x2)
 *fill*         0x00000000000000c6        0x0 
                0x00000000000000c6                __trampolines_start = .
 *(.trampolines)
 .trampolines   0x00000000000000c6        0x0 linker stubs
 *(.trampolines*)
                0x00000000000000c6                __trampolines_end = .
 *libprintf_flt.a:*(.progmem.data)
 *libc.a:*(.progmem.data)
                0x00000000000000c6                . = ALIGN (0x2)
 *(.jumptables)
 *(.jumptables*)
 *(.lowtext)
 *(.lowtext*)
                0x00000000000000c6                __ctors_start = .
 *(.ctors)
                0x00000000000000c6                __ctors_end = .
                0x00000000000000c6                __dtors_start = .
 *(.dtors)
                0x00000000000000c6                __dtors_end = .
 SORT(*)(.ctors)
 SORT(*)(.dtors)
 *(.init0)
 .init0         0x00000000000000c6        0x0 C:/Users/Jedi/.mchp_packs/Microchip/ATmega_DFP/2.4.131/xc8/avr/lib/avr5/memx-const/crtatmega32u4.o
                0x00000000000000c6                __init
 *(.init0)
 *(.init1)
 *(.init1)
 *(.init2)
 .init2         0x00000000000000c6        0xc C:/Users/Jedi/.mchp_packs/Microchip/ATmega_DFP/2.4.131/xc8/avr/lib/avr5/memx-const/crtatmega32u4.o
 *(.init2)
 *(.init3)
 *(.init3)
 *(.init4)
 .init4         0x00000000000000d2       0x3c c:/program files/microchip/xc8/v2.32/avr/bin/../lib/gcc/avr/5.4.0/avr5/memx-const\libgcc.a(_copy_data.o)
                0x00000000000000d2                __do_copy_data
                0x0000000000000100                __do_clear_bss
 *(.init4)
 *(.init5)
 *(.init5)
 *(.init6)
 *(.init6)
 *(.init7)
 *(.init7)
 *(.init8)
 *(.init8)
 *(.init9)
 .init9         0x000000000000010e        0x8 C:/Users/Jedi/.mchp_packs/Microchip/ATmega_DFP/2.4.131/xc8/avr/lib/avr5/memx-const/crtatmega32u4.o
 *(.init9)
                0x0000000000000116                . = ALIGN (0x2)
 *(.fini9)
 .fini9         0x0000000000000116        0x0 c:/program files/microchip/xc8/v2.32/avr/bin/../lib/gcc/avr/5.4.0/avr5/memx-const\libgcc.a(_exit.o)
                0x0000000000000116                _exit
                0x0000000000000116                exit
 *(.fini9)
 *(.fini8)
 *(.fini8)
 *(.fini7)
 *(.fini7)
 *(.fini6)
 *(.fini6)
 *(.fini5)
 *(.fini5)
 *(.fini4)
 *(.fini4)
 *(.fini3)
 *(.fini3)
 *(.fini2)
 *(.fini2)
 *(.fini1)
 *(.fini1)
 *(.fini0)
 .fini0         0x0000000000000116        0x4 c:/program files/microchip/xc8/v2.32/avr/bin/../lib/gcc/avr/5.4.0/avr5/memx-const\libgcc.a(_exit.o)
 *(.fini0)
                0x000000000000011a                _etext = .

.data           0x0000000000800100        0x0 load address 0x000000000000011a
                [!provide]                        PROVIDE (__data_start, .)
 *(.gnu.linkonce.d*)
 *(.gnu.linkonce.r*)
                0x0000000000800100                . = ALIGN (0x2)
                0x0000000000800100                _edata = .
                [!provide]                        PROVIDE (__data_end, .)

.bss            0x0000000000800100       0x5d
                [!provide]                        PROVIDE (__bss_start, .)
 *(COMMON)
 COMMON         0x0000000000800100       0x46 build/default/production/main.o
                0x0000000000800100                Traffic_light
                0x000000000080011b                Lora
                0x0000000000800145                t0_compa_number
 COMMON         0x0000000000800146       0x17 build/default/production/rfm95w.o
                0x0000000000800146                RFM95W
                [!provide]                        PROVIDE (__bss_end, .)
                0x000000000000011a                __data_load_start = LOADADDR (.data)
                0x000000000000011a                __data_load_end = (__data_load_start + SIZEOF (.data))

.noinit         0x000000000080015d        0x0
                [!provide]                        PROVIDE (__noinit_start, .)
 *(.noinit*)
                [!provide]                        PROVIDE (__noinit_end, .)
                0x000000000080015d                _end = .

.eeprom         0x0000000000810000        0x0
 *(.eeprom*)
                0x0000000000810000                __eeprom_end = .

.fuse
 *(.fuse)
 *(.lfuse)
 *(.hfuse)
 *(.efuse)

.lock
 *(.lock*)

.signature
 *(.signature*)

.user_signatures
 *(.user_signatures*)

.stab
 *(.stab)

.stabstr
 *(.stabstr)

.stab.excl
 *(.stab.excl)

.stab.exclstr
 *(.stab.exclstr)

.stab.index
 *(.stab.index)

.stab.indexstr
 *(.stab.indexstr)

.comment        0x0000000000000000       0x5b
 *(.comment)
 .comment       0x0000000000000000       0x2f build/default/production/main.o
                                         0x30 (size before relaxing)
 .comment       0x000000000000002f       0x30 build/default/production/timer0.o
 .comment       0x000000000000002f       0x30 build/default/production/gpio.o
 .comment       0x000000000000002f       0x30 build/default/production/rfm95w.o
 .comment       0x000000000000002f       0x30 build/default/production/spi.o
 .comment       0x000000000000002f       0x30 build/default/production/traffic_light.o
 .comment       0x000000000000002f       0x30 build/default/production/lora.o
 .comment       0x000000000000002f       0x2c c:/program files/microchip/xc8/v2.32/avr/bin/../lib/gcc/avr/5.4.0/../../../../avr/lib/avr5/memx-const\libc.a(memcpy_M.o)
                                         0x2d (size before relaxing)

.stack.descriptors.hdr
                0x0000000000000000      0x17a
 .stack.descriptors.hdr
                0x0000000000000000        0xe c:/program files/microchip/xc8/v2.32/avr/bin/../lib/gcc/avr/5.4.0/../../../../avr/lib/avr5/memx-const\libm.a(cmpsf2.o)
 .stack.descriptors.hdr
                0x000000000000000e        0xe c:/program files/microchip/xc8/v2.32/avr/bin/../lib/gcc/avr/5.4.0/../../../../avr/lib/avr5/memx-const\libm.a(fixunssfsi.o)
 .stack.descriptors.hdr
                0x000000000000001c        0xe c:/program files/microchip/xc8/v2.32/avr/bin/../lib/gcc/avr/5.4.0/../../../../avr/lib/avr5/memx-const\libm.a(floatsisf.o)
 .stack.descriptors.hdr
                0x000000000000002a        0xe c:/program files/microchip/xc8/v2.32/avr/bin/../lib/gcc/avr/5.4.0/../../../../avr/lib/avr5/memx-const\libm.a(fp_cmp.o)
 .stack.descriptors.hdr
                0x0000000000000038        0xe c:/program files/microchip/xc8/v2.32/avr/bin/../lib/gcc/avr/5.4.0/../../../../avr/lib/avr5/memx-const\libm.a(fp_split3.o)
 .stack.descriptors.hdr
                0x0000000000000046        0xe c:/program files/microchip/xc8/v2.32/avr/bin/../lib/gcc/avr/5.4.0/../../../../avr/lib/avr5/memx-const\libm.a(fp_zero.o)
 .stack.descriptors.hdr
                0x0000000000000054        0xe c:/program files/microchip/xc8/v2.32/avr/bin/../lib/gcc/avr/5.4.0/../../../../avr/lib/avr5/memx-const\libm.a(gesf2.o)
 .stack.descriptors.hdr
                0x0000000000000062        0xe c:/program files/microchip/xc8/v2.32/avr/bin/../lib/gcc/avr/5.4.0/../../../../avr/lib/avr5/memx-const\libm.a(mulsf3.o)
 .stack.descriptors.hdr
                0x0000000000000070        0xe c:/program files/microchip/xc8/v2.32/avr/bin/../lib/gcc/avr/5.4.0/../../../../avr/lib/avr5/memx-const\libm.a(mulsf3x.o)
 .stack.descriptors.hdr
                0x000000000000007e        0xe c:/program files/microchip/xc8/v2.32/avr/bin/../lib/gcc/avr/5.4.0/../../../../avr/lib/avr5/memx-const\libm.a(fp_inf.o)
 .stack.descriptors.hdr
                0x000000000000008c        0xe c:/program files/microchip/xc8/v2.32/avr/bin/../lib/gcc/avr/5.4.0/../../../../avr/lib/avr5/memx-const\libm.a(fp_nan.o)
 .stack.descriptors.hdr
                0x000000000000009a        0xe c:/program files/microchip/xc8/v2.32/avr/bin/../lib/gcc/avr/5.4.0/../../../../avr/lib/avr5/memx-const\libm.a(fp_pscA.o)
 .stack.descriptors.hdr
                0x00000000000000a8        0xe c:/program files/microchip/xc8/v2.32/avr/bin/../lib/gcc/avr/5.4.0/../../../../avr/lib/avr5/memx-const\libm.a(fp_pscB.o)
 .stack.descriptors.hdr
                0x00000000000000b6        0xe c:/program files/microchip/xc8/v2.32/avr/bin/../lib/gcc/avr/5.4.0/../../../../avr/lib/avr5/memx-const\libm.a(fp_round.o)
 .stack.descriptors.hdr
                0x00000000000000c4        0xe c:/program files/microchip/xc8/v2.32/avr/bin/../lib/gcc/avr/5.4.0/avr5/memx-const\libgcc.a(_mulsi3.o)
 .stack.descriptors.hdr
                0x00000000000000d2        0xe c:/program files/microchip/xc8/v2.32/avr/bin/../lib/gcc/avr/5.4.0/avr5/memx-const\libgcc.a(_exit.o)
 .stack.descriptors.hdr
                0x00000000000000e0        0xe c:/program files/microchip/xc8/v2.32/avr/bin/../lib/gcc/avr/5.4.0/avr5/memx-const\libgcc.a(_tablejump2.o)
 .stack.descriptors.hdr
                0x00000000000000ee        0xe c:/program files/microchip/xc8/v2.32/avr/bin/../lib/gcc/avr/5.4.0/avr5/memx-const\libgcc.a(_muluhisi3.o)
 .stack.descriptors.hdr
                0x00000000000000fc        0xe c:/program files/microchip/xc8/v2.32/avr/bin/../lib/gcc/avr/5.4.0/avr5/memx-const\libgcc.a(_udivdi3.o)
 .stack.descriptors.hdr
                0x000000000000010a        0xe c:/program files/microchip/xc8/v2.32/avr/bin/../lib/gcc/avr/5.4.0/avr5/memx-const\libgcc.a(_udivmod64.o)
 .stack.descriptors.hdr
                0x0000000000000118        0xe c:/program files/microchip/xc8/v2.32/avr/bin/../lib/gcc/avr/5.4.0/avr5/memx-const\libgcc.a(_ashldi3.o)
 .stack.descriptors.hdr
                0x0000000000000126        0xe c:/program files/microchip/xc8/v2.32/avr/bin/../lib/gcc/avr/5.4.0/avr5/memx-const\libgcc.a(_ashrdi3.o)
 .stack.descriptors.hdr
                0x0000000000000134        0xe c:/program files/microchip/xc8/v2.32/avr/bin/../lib/gcc/avr/5.4.0/avr5/memx-const\libgcc.a(_umulhisi3.o)
 .stack.descriptors.hdr
                0x0000000000000142        0xe c:/program files/microchip/xc8/v2.32/avr/bin/../lib/gcc/avr/5.4.0/../../../../avr/lib/avr5/memx-const\libc.a(memcpy_M.o)
 .stack.descriptors.hdr
                0x0000000000000150        0xe c:/program files/microchip/xc8/v2.32/avr/bin/../lib/gcc/avr/5.4.0/../../../../avr/lib/avr5/memx-const\libc.a(memset.o)
 .stack.descriptors.hdr
                0x000000000000015e        0xe C:/Users/Jedi/.mchp_packs/Microchip/ATmega_DFP/2.4.131/xc8/avr/lib/avr5/memx-const\libatmega32u4.a(eerd_byte.o)
 .stack.descriptors.hdr
                0x000000000000016c        0xe C:/Users/Jedi/.mchp_packs/Microchip/ATmega_DFP/2.4.131/xc8/avr/lib/avr5/memx-const\libatmega32u4.a(eewr_byte.o)

.note.gnu.build-id
 *(.note.gnu.build-id)

.debug
 *(.debug)

.line
 *(.line)

.debug_srcinfo
 *(.debug_srcinfo)

.debug_sfnames
 *(.debug_sfnames)

.debug_aranges  0x0000000000000000      0x280
 *(.debug_aranges)
 .debug_aranges
                0x0000000000000000       0x30 build/default/production/main.o
 .debug_aranges
                0x0000000000000030       0x30 build/default/production/timer0.o
 .debug_aranges
                0x0000000000000060       0x38 build/default/production/gpio.o
 .debug_aranges
                0x0000000000000098       0xc0 build/default/production/rfm95w.o
 .debug_aranges
                0x0000000000000158       0x48 build/default/production/spi.o
 .debug_aranges
                0x00000000000001a0       0x38 build/default/production/traffic_light.o
 .debug_aranges
                0x00000000000001d8       0x68 build/default/production/lora.o
 .debug_aranges
                0x0000000000000240       0x20 C:/Users/Jedi/.mchp_packs/Microchip/ATmega_DFP/2.4.131/xc8/avr/lib/avr5/memx-const\libatmega32u4.a(eerd_byte.o)
 .debug_aranges
                0x0000000000000260       0x20 C:/Users/Jedi/.mchp_packs/Microchip/ATmega_DFP/2.4.131/xc8/avr/lib/avr5/memx-const\libatmega32u4.a(eewr_byte.o)

.debug_pubnames
 *(.debug_pubnames)

.debug_info     0x0000000000000000     0x2c70
 *(.debug_info .gnu.linkonce.wi.*)
 .debug_info    0x0000000000000000      0x9f4 C:/Users/Jedi/.mchp_packs/Microchip/ATmega_DFP/2.4.131/xc8/avr/lib/avr5/memx-const/crtatmega32u4.o
 .debug_info    0x00000000000009f4      0x4e3 build/default/production/main.o
 .debug_info    0x0000000000000ed7      0x2a3 build/default/production/timer0.o
 .debug_info    0x000000000000117a      0x267 build/default/production/gpio.o
 .debug_info    0x00000000000013e1      0xa04 build/default/production/rfm95w.o
 .debug_info    0x0000000000001de5      0x2f8 build/default/production/spi.o
 .debug_info    0x00000000000020dd      0x416 build/default/production/traffic_light.o
 .debug_info    0x00000000000024f3      0x627 build/default/production/lora.o
 .debug_info    0x0000000000002b1a       0xab C:/Users/Jedi/.mchp_packs/Microchip/ATmega_DFP/2.4.131/xc8/avr/lib/avr5/memx-const\libatmega32u4.a(eerd_byte.o)
 .debug_info    0x0000000000002bc5       0xab C:/Users/Jedi/.mchp_packs/Microchip/ATmega_DFP/2.4.131/xc8/avr/lib/avr5/memx-const\libatmega32u4.a(eewr_byte.o)

.debug_abbrev   0x0000000000000000     0x1028
 *(.debug_abbrev)
 .debug_abbrev  0x0000000000000000      0x96a C:/Users/Jedi/.mchp_packs/Microchip/ATmega_DFP/2.4.131/xc8/avr/lib/avr5/memx-const/crtatmega32u4.o
 .debug_abbrev  0x000000000000096a      0x10e build/default/production/main.o
 .debug_abbrev  0x0000000000000a78       0x85 build/default/production/timer0.o
 .debug_abbrev  0x0000000000000afd       0x44 build/default/production/gpio.o
 .debug_abbrev  0x0000000000000b41      0x208 build/default/production/rfm95w.o
 .debug_abbrev  0x0000000000000d49       0x87 build/default/production/spi.o
 .debug_abbrev  0x0000000000000dd0       0xf2 build/default/production/traffic_light.o
 .debug_abbrev  0x0000000000000ec2      0x13e build/default/production/lora.o
 .debug_abbrev  0x0000000000001000       0x14 C:/Users/Jedi/.mchp_packs/Microchip/ATmega_DFP/2.4.131/xc8/avr/lib/avr5/memx-const\libatmega32u4.a(eerd_byte.o)
 .debug_abbrev  0x0000000000001014       0x14 C:/Users/Jedi/.mchp_packs/Microchip/ATmega_DFP/2.4.131/xc8/avr/lib/avr5/memx-const\libatmega32u4.a(eewr_byte.o)

.debug_line     0x0000000000000000     0x150e
 *(.debug_line .debug_line.* .debug_line_end)
 .debug_line    0x0000000000000000      0x19d C:/Users/Jedi/.mchp_packs/Microchip/ATmega_DFP/2.4.131/xc8/avr/lib/avr5/memx-const/crtatmega32u4.o
 .debug_line    0x000000000000019d      0x246 build/default/production/main.o
 .debug_line    0x00000000000003e3      0x139 build/default/production/timer0.o
 .debug_line    0x000000000000051c       0xed build/default/production/gpio.o
 .debug_line    0x0000000000000609      0x6de build/default/production/rfm95w.o
 .debug_line    0x0000000000000ce7      0x14e build/default/production/spi.o
 .debug_line    0x0000000000000e35      0x24b build/default/production/traffic_light.o
 .debug_line    0x0000000000001080      0x36b build/default/production/lora.o
 .debug_line    0x00000000000013eb       0x82 C:/Users/Jedi/.mchp_packs/Microchip/ATmega_DFP/2.4.131/xc8/avr/lib/avr5/memx-const\libatmega32u4.a(eerd_byte.o)
 .debug_line    0x000000000000146d       0xa1 C:/Users/Jedi/.mchp_packs/Microchip/ATmega_DFP/2.4.131/xc8/avr/lib/avr5/memx-const\libatmega32u4.a(eewr_byte.o)

.debug_frame    0x0000000000000000      0x798
 *(.debug_frame)
 .debug_frame   0x0000000000000000       0xc4 build/default/production/main.o
 .debug_frame   0x00000000000000c4       0x74 build/default/production/timer0.o
 .debug_frame   0x0000000000000138       0x94 build/default/production/gpio.o
 .debug_frame   0x00000000000001cc      0x310 build/default/production/rfm95w.o
 .debug_frame   0x00000000000004dc       0xd4 build/default/production/spi.o
 .debug_frame   0x00000000000005b0       0x94 build/default/production/traffic_light.o
 .debug_frame   0x0000000000000644      0x154 build/default/production/lora.o

.debug_str      0x0000000000000000      0x37b
 *(.debug_str)
 .debug_str     0x0000000000000000      0x371 C:/Users/Jedi/.mchp_packs/Microchip/ATmega_DFP/2.4.131/xc8/avr/lib/avr5/memx-const/crtatmega32u4.o
 .debug_str     0x0000000000000371        0x0 build/default/production/main.o
 .debug_str     0x0000000000000371        0x0 build/default/production/timer0.o
 .debug_str     0x0000000000000371        0x0 build/default/production/gpio.o
 .debug_str     0x0000000000000371        0xa build/default/production/rfm95w.o
 .debug_str     0x000000000000037b        0x0 build/default/production/spi.o
 .debug_str     0x000000000000037b        0x0 build/default/production/traffic_light.o
 .debug_str     0x000000000000037b        0x0 build/default/production/lora.o

.debug_loc
 *(.debug_loc)

.debug_macinfo
 *(.debug_macinfo)

.debug_weaknames
 *(.debug_weaknames)

.debug_funcnames
 *(.debug_funcnames)

.debug_typenames
 *(.debug_typenames)

.debug_varnames
 *(.debug_varnames)

.debug_pubtypes
 *(.debug_pubtypes)

.debug_ranges   0x0000000000000000      0x1d0
 *(.debug_ranges)
 .debug_ranges  0x0000000000000000       0x20 build/default/production/main.o
 .debug_ranges  0x0000000000000020       0x20 build/default/production/timer0.o
 .debug_ranges  0x0000000000000040       0x28 build/default/production/gpio.o
 .debug_ranges  0x0000000000000068       0xb0 build/default/production/rfm95w.o
 .debug_ranges  0x0000000000000118       0x38 build/default/production/spi.o
 .debug_ranges  0x0000000000000150       0x28 build/default/production/traffic_light.o
 .debug_ranges  0x0000000000000178       0x58 build/default/production/lora.o

.debug_macro
 *(.debug_macro)
OUTPUT(dist/default/production/Specto_A.X.production.elf elf32-avr)
LOAD linker stubs
LOAD data_init

.note.gnu.avr.deviceinfo
                0x0000000000000000       0x40
 .note.gnu.avr.deviceinfo
                0x0000000000000000       0x40 C:/Users/Jedi/.mchp_packs/Microchip/ATmega_DFP/2.4.131/xc8/avr/lib/avr5/memx-const/crtatmega32u4.o

.bss.acquisition_completed
                0x000000000080015d        0x1
 .bss.acquisition_completed
                0x000000000080015d        0x1 build/default/production/main.o
                0x000000000080015d                acquisition_completed

.bss.rx_done    0x000000000080015e        0x1
 .bss.rx_done   0x000000000080015e        0x1 build/default/production/main.o
                0x000000000080015e                rx_done

.bss.ee_signals_type
                0x000000000080015f        0x1
 .bss.ee_signals_type
                0x000000000080015f        0x1 build/default/production/traffic_light.o
                0x000000000080015f                ee_signals_type

.text.rfm95w_begin
                0x000000000000011a      0x28a
 .text.rfm95w_begin
                0x000000000000011a      0x28a build/default/production/rfm95w.o
                0x000000000000011a                rfm95w_begin

.text.bandwidth_set
                0x00000000000003a4      0x1f0
 .text.bandwidth_set
                0x00000000000003a4      0x1f0 build/default/production/rfm95w.o
                0x00000000000003a4                bandwidth_set

.text.traffic_light_init
                0x0000000000000594      0x1a2
 .text.traffic_light_init
                0x0000000000000594      0x1a2 build/default/production/traffic_light.o
                0x0000000000000594                traffic_light_init

.text.frequency_set
                0x0000000000000736      0x16e
 .text.frequency_set
                0x0000000000000736      0x16e build/default/production/rfm95w.o
                0x0000000000000736                frequency_set

.text.main      0x00000000000008a4      0x162
 .text.main     0x00000000000008a4      0x162 build/default/production/main.o
                0x00000000000008a4                main

.text.lora_init
                0x0000000000000a06      0x15a
 .text.lora_init
                0x0000000000000a06      0x15a build/default/production/lora.o
                0x0000000000000a06                lora_init

.text.traffic_light_process
                0x0000000000000b60      0x148
 .text.traffic_light_process
                0x0000000000000b60      0x148 build/default/production/traffic_light.o
                0x0000000000000b60                traffic_light_process

.text.t0_ctc_start
                0x0000000000000ca8      0x110
 .text.t0_ctc_start
                0x0000000000000ca8      0x110 build/default/production/timer0.o
                0x0000000000000ca8                t0_ctc_start

.text.lora_message_encode
                0x0000000000000db8      0x102
 .text.lora_message_encode
                0x0000000000000db8      0x102 build/default/production/lora.o
                0x0000000000000db8                lora_message_encode

.text.traffic_light_read
                0x0000000000000eba       0xf8
 .text.traffic_light_read
                0x0000000000000eba       0xf8 build/default/production/traffic_light.o
                0x0000000000000eba                traffic_light_read

.text.avrlibc.fplib
                0x0000000000000fb2       0xd4
 .text.avrlibc.fplib
                0x0000000000000fb2       0xd4 c:/program files/microchip/xc8/v2.32/avr/bin/../lib/gcc/avr/5.4.0/../../../../avr/lib/avr5/memx-const\libm.a(mulsf3x.o)
                0x0000000000000fb2                __mulsf3x
                0x0000000000000fd8                __mulsf3_pse

.text.lora_message_decode
                0x0000000000001086       0xd2
 .text.lora_message_decode
                0x0000000000001086       0xd2 build/default/production/lora.o
                0x0000000000001086                lora_message_decode

.text.lora_configure
                0x0000000000001158       0xca
 .text.lora_configure
                0x0000000000001158       0xca build/default/production/lora.o
                0x0000000000001158                lora_configure

.text.rfm95w_rxdone_callback
                0x0000000000001222       0xb0
 .text.rfm95w_rxdone_callback
                0x0000000000001222       0xb0 build/default/production/rfm95w.o
                0x0000000000001222                rfm95w_rxdone_callback

.text.__vector_21
                0x00000000000012d2       0xac
 .text.__vector_21
                0x00000000000012d2       0xac build/default/production/main.o
                0x00000000000012d2                __vector_21

.text.libgcc.div
                0x000000000000137e       0xa2
 .text.libgcc.div
                0x000000000000137e       0xa2 c:/program files/microchip/xc8/v2.32/avr/bin/../lib/gcc/avr/5.4.0/avr5/memx-const\libgcc.a(_udivmod64.o)
                0x000000000000137e                __udivmod64

.text.rfm95w_packet_write
                0x0000000000001420       0x8c
 .text.rfm95w_packet_write
                0x0000000000001420       0x8c build/default/production/rfm95w.o
                0x0000000000001420                rfm95w_packet_write

.text.tx_power_set
                0x00000000000014ac       0x8a
 .text.tx_power_set
                0x00000000000014ac       0x8a build/default/production/rfm95w.o
                0x00000000000014ac                tx_power_set

.text.spi_init  0x0000000000001536       0x7c
 .text.spi_init
                0x0000000000001536       0x7c build/default/production/spi.o
                0x0000000000001536                spi_init

.text.avrlibc.fplib
                0x00000000000015b2       0x7a
 .text.avrlibc.fplib
                0x00000000000015b2       0x7a c:/program files/microchip/xc8/v2.32/avr/bin/../lib/gcc/avr/5.4.0/../../../../avr/lib/avr5/memx-const\libm.a(floatsisf.o)
                0x00000000000015b2                __floatunsisf
                0x00000000000015b6                __floatsisf

.text.avrlibc.fplib
                0x000000000000162c       0x5e
 .text.avrlibc.fplib
                0x000000000000162c       0x5e c:/program files/microchip/xc8/v2.32/avr/bin/../lib/gcc/avr/5.4.0/../../../../avr/lib/avr5/memx-const\libm.a(fixunssfsi.o)
                0x000000000000162c                __fixunssfsi

.text.traffic_light_configure
                0x000000000000168a       0x58
 .text.traffic_light_configure
                0x000000000000168a       0x58 build/default/production/traffic_light.o
                0x000000000000168a                traffic_light_configure

.text.key_generate
                0x00000000000016e2       0x4e
 .text.key_generate
                0x00000000000016e2       0x4e build/default/production/lora.o
                0x00000000000016e2                key_generate

.text.lora_rx_valid_message
                0x0000000000001730       0x4a
 .text.lora_rx_valid_message
                0x0000000000001730       0x4a build/default/production/lora.o
                0x0000000000001730                lora_rx_valid_message

.text.avrlibc.fplib
                0x000000000000177a       0x48
 .text.avrlibc.fplib
                0x000000000000177a       0x48 c:/program files/microchip/xc8/v2.32/avr/bin/../lib/gcc/avr/5.4.0/../../../../avr/lib/avr5/memx-const\libm.a(fp_cmp.o)
                0x000000000000177a                __fp_cmp

.text.avrlibc.fplib
                0x00000000000017c2       0x44
 .text.avrlibc.fplib
                0x00000000000017c2       0x44 c:/program files/microchip/xc8/v2.32/avr/bin/../lib/gcc/avr/5.4.0/../../../../avr/lib/avr5/memx-const\libm.a(fp_split3.o)
                0x00000000000017c2                __fp_split3
                0x00000000000017d2                __fp_splitA

.text.rfm95w_rx_continious
                0x0000000000001806       0x42
 .text.rfm95w_rx_continious
                0x0000000000001806       0x42 build/default/production/rfm95w.o
                0x0000000000001806                rfm95w_rx_continious

.text.register_read
                0x0000000000001848       0x40
 .text.register_read
                0x0000000000001848       0x40 build/default/production/rfm95w.o
                0x0000000000001848                register_read

.text.libgcc.builtins
                0x0000000000001888       0x3c
 .text.libgcc.builtins
                0x0000000000001888       0x3c c:/program files/microchip/xc8/v2.32/avr/bin/../lib/gcc/avr/5.4.0/avr5/memx-const\libgcc.a(_ashrdi3.o)
                0x0000000000001888                __ashrdi3
                0x000000000000188c                __lshrdi3

.text.rfm95w_packet_begin
                0x00000000000018c4       0x3a
 .text.rfm95w_packet_begin
                0x00000000000018c4       0x3a build/default/production/rfm95w.o
                0x00000000000018c4                rfm95w_packet_begin

.text.lora_message_send
                0x00000000000018fe       0x3a
 .text.lora_message_send
                0x00000000000018fe       0x3a build/default/production/lora.o
                0x00000000000018fe                lora_message_send

.text.register_write
                0x0000000000001938       0x38
 .text.register_write
                0x0000000000001938       0x38 build/default/production/rfm95w.o
                0x0000000000001938                register_write

.text.led_init  0x0000000000001970       0x34
 .text.led_init
                0x0000000000001970       0x34 build/default/production/gpio.o
                0x0000000000001970                led_init

.text.rfm95w_packet_end
                0x00000000000019a4       0x34
 .text.rfm95w_packet_end
                0x00000000000019a4       0x34 build/default/production/rfm95w.o
                0x00000000000019a4                rfm95w_packet_end

.text.spi_TxRx_single
                0x00000000000019d8       0x34
 .text.spi_TxRx_single
                0x00000000000019d8       0x34 build/default/production/spi.o
                0x00000000000019d8                spi_TxRx_single

.text.lora_rx_callback
                0x0000000000001a0c       0x32
 .text.lora_rx_callback
                0x0000000000001a0c       0x32 build/default/production/lora.o
                0x0000000000001a0c                lora_rx_callback

.text.libgcc.builtins
                0x0000000000001a3e       0x32
 .text.libgcc.builtins
                0x0000000000001a3e       0x32 c:/program files/microchip/xc8/v2.32/avr/bin/../lib/gcc/avr/5.4.0/avr5/memx-const\libgcc.a(_ashldi3.o)
                0x0000000000001a3e                __ashldi3

.text.avrlibc   0x0000000000001a70       0x32
 .text.avrlibc  0x0000000000001a70       0x32 c:/program files/microchip/xc8/v2.32/avr/bin/../lib/gcc/avr/5.4.0/../../../../avr/lib/avr5/memx-const\libc.a(memcpy_M.o)
                0x0000000000001a70                memcpy

.text.__vector_7
                0x0000000000001aa2       0x30
 .text.__vector_7
                0x0000000000001aa2       0x30 build/default/production/main.o
                0x0000000000001aa2                __vector_7

.text.payload_available
                0x0000000000001ad2       0x28
 .text.payload_available
                0x0000000000001ad2       0x28 build/default/production/rfm95w.o
                0x0000000000001ad2                payload_available

.text.header_implicit
                0x0000000000001afa       0x26
 .text.header_implicit
                0x0000000000001afa       0x26 build/default/production/rfm95w.o
                0x0000000000001afa                header_implicit

.text.header_explicit
                0x0000000000001b20       0x24
 .text.header_explicit
                0x0000000000001b20       0x24 build/default/production/rfm95w.o
                0x0000000000001b20                header_explicit

.text.led_on    0x0000000000001b44       0x22
 .text.led_on   0x0000000000001b44       0x22 build/default/production/gpio.o
                0x0000000000001b44                led_on

.text.led_off   0x0000000000001b66       0x22
 .text.led_off  0x0000000000001b66       0x22 build/default/production/gpio.o
                0x0000000000001b66                led_off

.text.byte_read
                0x0000000000001b88       0x22
 .text.byte_read
                0x0000000000001b88       0x22 build/default/production/rfm95w.o
                0x0000000000001b88                byte_read

.text.irq_clear
                0x0000000000001baa       0x22
 .text.irq_clear
                0x0000000000001baa       0x22 build/default/production/rfm95w.o
                0x0000000000001baa                irq_clear

.text.spi_nss_low
                0x0000000000001bcc       0x22
 .text.spi_nss_low
                0x0000000000001bcc       0x22 build/default/production/spi.o
                0x0000000000001bcc                spi_nss_low

.text.spi_nss_high
                0x0000000000001bee       0x22
 .text.spi_nss_high
                0x0000000000001bee       0x22 build/default/production/spi.o
                0x0000000000001bee                spi_nss_high

.text.spi_rst_low
                0x0000000000001c10       0x22
 .text.spi_rst_low
                0x0000000000001c10       0x22 build/default/production/spi.o
                0x0000000000001c10                spi_rst_low

.text.spi_rst_high
                0x0000000000001c32       0x22
 .text.spi_rst_high
                0x0000000000001c32       0x22 build/default/production/spi.o
                0x0000000000001c32                spi_rst_high

.text.avrlibc.fplib
                0x0000000000001c54       0x22
 .text.avrlibc.fplib
                0x0000000000001c54       0x22 c:/program files/microchip/xc8/v2.32/avr/bin/../lib/gcc/avr/5.4.0/../../../../avr/lib/avr5/memx-const\libm.a(fp_round.o)
                0x0000000000001c54                __fp_round

.text.libgcc.mul
                0x0000000000001c76       0x20
 .text.libgcc.mul
                0x0000000000001c76       0x20 c:/program files/microchip/xc8/v2.32/avr/bin/../lib/gcc/avr/5.4.0/avr5/memx-const\libgcc.a(_mulsi3.o)
                0x0000000000001c76                __mulsi3

.text.libgcc.mul
                0x0000000000001c96       0x1e
 .text.libgcc.mul
                0x0000000000001c96       0x1e c:/program files/microchip/xc8/v2.32/avr/bin/../lib/gcc/avr/5.4.0/avr5/memx-const\libgcc.a(_umulhisi3.o)
                0x0000000000001c96                __umulhisi3

.text.libgcc.div
                0x0000000000001cb4       0x1c
 .text.libgcc.div
                0x0000000000001cb4       0x1c c:/program files/microchip/xc8/v2.32/avr/bin/../lib/gcc/avr/5.4.0/avr5/memx-const\libgcc.a(_udivdi3.o)
                0x0000000000001cb4                __umoddi3
                0x0000000000001cb8                __udivdi3
                0x0000000000001cba                __udivdi3_umoddi3

.text.avrlibc   0x0000000000001cd0       0x1c
 .text.avrlibc  0x0000000000001cd0       0x1c C:/Users/Jedi/.mchp_packs/Microchip/ATmega_DFP/2.4.131/xc8/avr/lib/avr5/memx-const\libatmega32u4.a(eewr_byte.o)
                0x0000000000001cd0                eeprom_write_byte
                0x0000000000001cd2                eeprom_write_r18

.text.mode_sleep
                0x0000000000001cec       0x18
 .text.mode_sleep
                0x0000000000001cec       0x18 build/default/production/rfm95w.o
                0x0000000000001cec                mode_sleep

.text.mode_standby
                0x0000000000001d04       0x18
 .text.mode_standby
                0x0000000000001d04       0x18 build/default/production/rfm95w.o
                0x0000000000001d04                mode_standby

.text.libgcc.mul
                0x0000000000001d1c       0x16
 .text.libgcc.mul
                0x0000000000001d1c       0x16 c:/program files/microchip/xc8/v2.32/avr/bin/../lib/gcc/avr/5.4.0/avr5/memx-const\libgcc.a(_muluhisi3.o)
                0x0000000000001d1c                __muluhisi3

.text.avrlibc   0x0000000000001d32       0x12
 .text.avrlibc  0x0000000000001d32       0x12 C:/Users/Jedi/.mchp_packs/Microchip/ATmega_DFP/2.4.131/xc8/avr/lib/avr5/memx-const\libatmega32u4.a(eerd_byte.o)
                0x0000000000001d32                eeprom_read_byte

.text.avrlibc.fplib
                0x0000000000001d44        0xe
 .text.avrlibc.fplib
                0x0000000000001d44        0xe c:/program files/microchip/xc8/v2.32/avr/bin/../lib/gcc/avr/5.4.0/../../../../avr/lib/avr5/memx-const\libm.a(fp_zero.o)
                0x0000000000001d44                __fp_zero
                0x0000000000001d46                __fp_szero

.text.avrlibc.fplib
                0x0000000000001d52        0xe
 .text.avrlibc.fplib
                0x0000000000001d52        0xe c:/program files/microchip/xc8/v2.32/avr/bin/../lib/gcc/avr/5.4.0/../../../../avr/lib/avr5/memx-const\libm.a(fp_pscA.o)
                0x0000000000001d52                __fp_pscA

.text.avrlibc.fplib
                0x0000000000001d60        0xe
 .text.avrlibc.fplib
                0x0000000000001d60        0xe c:/program files/microchip/xc8/v2.32/avr/bin/../lib/gcc/avr/5.4.0/../../../../avr/lib/avr5/memx-const\libm.a(fp_pscB.o)
                0x0000000000001d60                __fp_pscB

.text.avrlibc   0x0000000000001d6e        0xe
 .text.avrlibc  0x0000000000001d6e        0xe c:/program files/microchip/xc8/v2.32/avr/bin/../lib/gcc/avr/5.4.0/../../../../avr/lib/avr5/memx-const\libc.a(memset.o)
                0x0000000000001d6e                memset

.text.avrlibc.fplib
                0x0000000000001d7c        0xc
 .text.avrlibc.fplib
                0x0000000000001d7c        0xc c:/program files/microchip/xc8/v2.32/avr/bin/../lib/gcc/avr/5.4.0/../../../../avr/lib/avr5/memx-const\libm.a(fp_inf.o)
                0x0000000000001d7c                __fp_inf

.text.libgcc    0x0000000000001d88        0xc
 .text.libgcc   0x0000000000001d88        0xc c:/program files/microchip/xc8/v2.32/avr/bin/../lib/gcc/avr/5.4.0/avr5/memx-const\libgcc.a(_tablejump2.o)
                0x0000000000001d88                __tablejump2__

.text.avrlibc.fplib
                0x0000000000001d94        0xa
 .text.avrlibc.fplib
                0x0000000000001d94        0xa c:/program files/microchip/xc8/v2.32/avr/bin/../lib/gcc/avr/5.4.0/../../../../avr/lib/avr5/memx-const\libm.a(cmpsf2.o)
                0x0000000000001d94                __nesf2
                0x0000000000001d94                __eqsf2
                0x0000000000001d94                __cmpsf2
                0x0000000000001d94                __ltsf2
                0x0000000000001d94                __lesf2

.text.avrlibc.fplib
                0x0000000000001d9e        0xa
 .text.avrlibc.fplib
                0x0000000000001d9e        0xa c:/program files/microchip/xc8/v2.32/avr/bin/../lib/gcc/avr/5.4.0/../../../../avr/lib/avr5/memx-const\libm.a(gesf2.o)
                0x0000000000001d9e                __gesf2
                0x0000000000001d9e                __gtsf2

.text.avrlibc.fplib
                0x0000000000001da8        0x8
 .text.avrlibc.fplib
                0x0000000000001da8        0x8 c:/program files/microchip/xc8/v2.32/avr/bin/../lib/gcc/avr/5.4.0/../../../../avr/lib/avr5/memx-const\libm.a(mulsf3.o)
                0x0000000000001da8                __mulsf3

.text.avrlibc.fplib
                0x0000000000001db0        0x6
 .text.avrlibc.fplib
                0x0000000000001db0        0x6 c:/program files/microchip/xc8/v2.32/avr/bin/../lib/gcc/avr/5.4.0/../../../../avr/lib/avr5/memx-const\libm.a(fp_nan.o)
                0x0000000000001db0                __fp_nan

.text           0x0000000000001db6        0x4
 .text          0x0000000000001db6        0x4 C:/Users/Jedi/.mchp_packs/Microchip/ATmega_DFP/2.4.131/xc8/avr/lib/avr5/memx-const/crtatmega32u4.o
                0x0000000000001db6                __vector_38
                0x0000000000001db6                __vector_22
                0x0000000000001db6                __vector_28
                0x0000000000001db6                __vector_1
                0x0000000000001db6                __vector_32
                0x0000000000001db6                __vector_34
                0x0000000000001db6                __vector_24
                0x0000000000001db6                __vector_12
                0x0000000000001db6                __bad_interrupt
                0x0000000000001db6                __vector_6
                0x0000000000001db6                __vector_31
                0x0000000000001db6                __vector_35
                0x0000000000001db6                __vector_39
                0x0000000000001db6                __vector_3
                0x0000000000001db6                __vector_23
                0x0000000000001db6                __vector_30
                0x0000000000001db6                __vector_25
                0x0000000000001db6                __vector_11
                0x0000000000001db6                __vector_13
                0x0000000000001db6                __vector_17
                0x0000000000001db6                __vector_19
                0x0000000000001db6                __vector_41
                0x0000000000001db6                __vector_27
                0x0000000000001db6                __vector_5
                0x0000000000001db6                __vector_33
                0x0000000000001db6                __vector_37
                0x0000000000001db6                __vector_4
                0x0000000000001db6                __vector_9
                0x0000000000001db6                __vector_2
                0x0000000000001db6                __vector_15
                0x0000000000001db6                __vector_36
                0x0000000000001db6                __vector_29
                0x0000000000001db6                __vector_40
                0x0000000000001db6                __vector_8
                0x0000000000001db6                __vector_26
                0x0000000000001db6                __vector_14
                0x0000000000001db6                __vector_10
                0x0000000000001db6                __vector_16
                0x0000000000001db6                __vector_18
                0x0000000000001db6                __vector_20
                0x0000000000001db6                __vector_42

.data.ee_arrows_delay
                0x0000000000800160        0x1 load address 0x0000000000001dba
 .data.ee_arrows_delay
                0x0000000000800160        0x1 build/default/production/traffic_light.o
                0x0000000000800160                ee_arrows_delay

.data.threshold
                0x0000000000800161        0x1 load address 0x0000000000001dbb
 .data.threshold
                0x0000000000800161        0x1 build/default/production/traffic_light.o
                0x0000000000800161                threshold

.data.ee_id0    0x0000000000800162        0x1 load address 0x0000000000001dbc
 .data.ee_id0   0x0000000000800162        0x1 build/default/production/lora.o
                0x0000000000800162                ee_id0

.data.ee_id1    0x0000000000800163        0x1 load address 0x0000000000001dbd
 .data.ee_id1   0x0000000000800163        0x1 build/default/production/lora.o
                0x0000000000800163                ee_id1

.data.ee_radio_channel
                0x0000000000800164        0x1 load address 0x0000000000001dbe
 .data.ee_radio_channel
                0x0000000000800164        0x1 build/default/production/lora.o
                0x0000000000800164                ee_radio_channel

.data.ee_power  0x0000000000800165        0x1 load address 0x0000000000001dbf
 .data.ee_power
                0x0000000000800165        0x1 build/default/production/lora.o
                0x0000000000800165                ee_power
