00:11:28 **** Incremental Build of configuration Debug for project Peggy_tracker ****
make -j8 all 
arm-none-eabi-gcc "../Core/Src/main.c" -mcpu=cortex-m4 -std=gnu11 -g3 -DDEBUG -DCORE_CM4 -DUSE_HAL_DRIVER -DSTM32WLE5xx -c -I../Core/Inc -I../Drivers/STM32WLxx_HAL_Driver/Inc -I../Drivers/STM32WLxx_HAL_Driver/Inc/Legacy -I../Drivers/CMSIS/Device/ST/STM32WLxx/Include -I../Drivers/CMSIS/Include -I../SubGHz_Phy/App -I../SubGHz_Phy/Target -I../Utilities/trace/adv_trace -I../Utilities/misc -I../Utilities/sequencer -I../Utilities/timer -I../Utilities/lpm/tiny_lpm -I../Middlewares/Third_Party/SubGHz_Phy -I../Middlewares/Third_Party/SubGHz_Phy/stm32_radio_driver -I"C:/Users/Jedi/Documents/Peggy/Software/Peggy workspace/Peggy_tracker/App" -I"C:/Users/Jedi/Documents/rnd_stm32_gd32_libs/simple_printf" -O0 -ffunction-sections -fdata-sections -Wall -fstack-usage -MMD -MP -MF"Core/Src/main.d" -MT"Core/Src/main.o" --specs=nano.specs -mfloat-abi=soft -mthumb -o "Core/Src/main.o"
../Core/Src/main.c: In function 'main':
../Core/Src/main.c:101:16: warning: pointer targets in initialization of 'uint8_t *' {aka 'unsigned char *'} from 'char *' differ in signedness [-Wpointer-sign]
  101 |   uint8_t *c = "hello";
      |                ^~~~~~~
arm-none-eabi-gcc -o "Peggy_tracker.elf" @"objects.list"   -mcpu=cortex-m4 -T"C:\Users\Jedi\Documents\Peggy\Software\Peggy workspace\Peggy_tracker\STM32WLE5CCUX_FLASH.ld" --specs=nosys.specs -Wl,-Map="Peggy_tracker.map" -Wl,--gc-sections -static --specs=nano.specs -mfloat-abi=soft -mthumb -Wl,--start-group -lc -lm -Wl,--end-group
Finished building target: Peggy_tracker.elf
 
arm-none-eabi-size   Peggy_tracker.elf 
arm-none-eabi-objdump -h -S  Peggy_tracker.elf  > "Peggy_tracker.list"
arm-none-eabi-objcopy  -O ihex  Peggy_tracker.elf  "Peggy_tracker.hex"
arm-none-eabi-objcopy  -O binary  Peggy_tracker.elf  "Peggy_tracker.bin"
   text	   data	    bss	    dec	    hex	filename
  34908	    120	   2344	  37372	   91fc	Peggy_tracker.elf
Finished building: default.size.stdout
 
Finished building: Peggy_tracker.hex
Finished building: Peggy_tracker.bin
 
 
Finished building: Peggy_tracker.list
 

00:11:30 Build Finished. 0 errors, 1 warnings. (took 1s.660ms)

